jan 05 13:17:21 nixos kernel: Linux version 6.12.8 (nixbld@localhost) (gcc (GCC) 14.2.1 20241116, GNU ld (GNU Binutils) 2.43.1) #1-NixOS SMP PREEMPT_DYNAMIC Thu Jan  2 09:34:26 UTC 2025
jan 05 13:17:21 nixos kernel: Command line: initrd=\EFI\nixos\zd1h7c558dwf0qwjs4b098l2ba4b3qv9-initrd-linux-6.12.8-initrd.efi init=/nix/store/1l9lblfrv7wrl09hqpdvy7qv4gcjn7wk-nixos-system-nixos-25.05.20250102.6df2492/init loglevel=4 nvidia-drm.modeset=1 nvidia-drm.fbdev=1 nvidia.NVreg_PreserveVideoMemoryAllocations=1
jan 05 13:17:21 nixos kernel: BIOS-provided physical RAM map:
jan 05 13:17:21 nixos kernel: BIOS-e820: [mem 0x0000000000000000-0x000000000009efff] usable
jan 05 13:17:21 nixos kernel: BIOS-e820: [mem 0x000000000009f000-0x00000000000bffff] reserved
jan 05 13:17:21 nixos kernel: BIOS-e820: [mem 0x0000000000100000-0x00000000099fffff] usable
jan 05 13:17:21 nixos kernel: BIOS-e820: [mem 0x0000000009a00000-0x0000000009dfffff] reserved
jan 05 13:17:21 nixos kernel: BIOS-e820: [mem 0x0000000009e00000-0x0000000009efffff] usable
jan 05 13:17:21 nixos kernel: BIOS-e820: [mem 0x0000000009f00000-0x0000000009f0efff] ACPI NVS
jan 05 13:17:21 nixos kernel: BIOS-e820: [mem 0x0000000009f0f000-0x00000000bab68fff] usable
jan 05 13:17:21 nixos kernel: BIOS-e820: [mem 0x00000000bab69000-0x00000000bbd68fff] reserved
jan 05 13:17:21 nixos kernel: BIOS-e820: [mem 0x00000000bbd69000-0x00000000c9f7efff] usable
jan 05 13:17:21 nixos kernel: BIOS-e820: [mem 0x00000000c9f7f000-0x00000000ccf7efff] reserved
jan 05 13:17:21 nixos kernel: BIOS-e820: [mem 0x00000000ccf7f000-0x00000000cdf7efff] ACPI NVS
jan 05 13:17:21 nixos kernel: BIOS-e820: [mem 0x00000000cdf7f000-0x00000000cdffefff] ACPI data
jan 05 13:17:21 nixos kernel: BIOS-e820: [mem 0x00000000cdfff000-0x00000000cdffffff] usable
jan 05 13:17:21 nixos kernel: BIOS-e820: [mem 0x00000000ce000000-0x00000000cfffffff] reserved
jan 05 13:17:21 nixos kernel: BIOS-e820: [mem 0x00000000f8000000-0x00000000fbffffff] reserved
jan 05 13:17:21 nixos kernel: BIOS-e820: [mem 0x00000000fde00000-0x00000000fdefffff] reserved
jan 05 13:17:21 nixos kernel: BIOS-e820: [mem 0x00000000fe000000-0x00000000fe0fffff] reserved
jan 05 13:17:21 nixos kernel: BIOS-e820: [mem 0x00000000fec00000-0x00000000fec01fff] reserved
jan 05 13:17:21 nixos kernel: BIOS-e820: [mem 0x00000000fec10000-0x00000000fec10fff] reserved
jan 05 13:17:21 nixos kernel: BIOS-e820: [mem 0x00000000fec20000-0x00000000fec20fff] reserved
jan 05 13:17:21 nixos kernel: BIOS-e820: [mem 0x00000000fed80000-0x00000000fed81fff] reserved
jan 05 13:17:21 nixos kernel: BIOS-e820: [mem 0x00000000fee00000-0x00000000fee00fff] reserved
jan 05 13:17:21 nixos kernel: BIOS-e820: [mem 0x00000000ff000000-0x00000000ffffffff] reserved
jan 05 13:17:21 nixos kernel: BIOS-e820: [mem 0x0000000100000000-0x000000082e2fffff] usable
jan 05 13:17:21 nixos kernel: BIOS-e820: [mem 0x000000082e300000-0x000000082fffffff] reserved
jan 05 13:17:21 nixos kernel: NX (Execute Disable) protection: active
jan 05 13:17:21 nixos kernel: APIC: Static calls initialized
jan 05 13:17:21 nixos kernel: e820: update [mem 0xb52e6018-0xb530c857] usable ==> usable
jan 05 13:17:21 nixos kernel: extended physical RAM map:
jan 05 13:17:21 nixos kernel: reserve setup_data: [mem 0x0000000000000000-0x000000000009efff] usable
jan 05 13:17:21 nixos kernel: reserve setup_data: [mem 0x000000000009f000-0x00000000000bffff] reserved
jan 05 13:17:21 nixos kernel: reserve setup_data: [mem 0x0000000000100000-0x00000000099fffff] usable
jan 05 13:17:21 nixos kernel: reserve setup_data: [mem 0x0000000009a00000-0x0000000009dfffff] reserved
jan 05 13:17:21 nixos kernel: reserve setup_data: [mem 0x0000000009e00000-0x0000000009efffff] usable
jan 05 13:17:21 nixos kernel: reserve setup_data: [mem 0x0000000009f00000-0x0000000009f0efff] ACPI NVS
jan 05 13:17:21 nixos kernel: reserve setup_data: [mem 0x0000000009f0f000-0x00000000b52e6017] usable
jan 05 13:17:21 nixos kernel: reserve setup_data: [mem 0x00000000b52e6018-0x00000000b530c857] usable
jan 05 13:17:21 nixos kernel: reserve setup_data: [mem 0x00000000b530c858-0x00000000bab68fff] usable
jan 05 13:17:21 nixos kernel: reserve setup_data: [mem 0x00000000bab69000-0x00000000bbd68fff] reserved
jan 05 13:17:21 nixos kernel: reserve setup_data: [mem 0x00000000bbd69000-0x00000000c9f7efff] usable
jan 05 13:17:21 nixos kernel: reserve setup_data: [mem 0x00000000c9f7f000-0x00000000ccf7efff] reserved
jan 05 13:17:21 nixos kernel: reserve setup_data: [mem 0x00000000ccf7f000-0x00000000cdf7efff] ACPI NVS
jan 05 13:17:21 nixos kernel: reserve setup_data: [mem 0x00000000cdf7f000-0x00000000cdffefff] ACPI data
jan 05 13:17:21 nixos kernel: reserve setup_data: [mem 0x00000000cdfff000-0x00000000cdffffff] usable
jan 05 13:17:21 nixos kernel: reserve setup_data: [mem 0x00000000ce000000-0x00000000cfffffff] reserved
jan 05 13:17:21 nixos kernel: reserve setup_data: [mem 0x00000000f8000000-0x00000000fbffffff] reserved
jan 05 13:17:21 nixos kernel: reserve setup_data: [mem 0x00000000fde00000-0x00000000fdefffff] reserved
jan 05 13:17:21 nixos kernel: reserve setup_data: [mem 0x00000000fe000000-0x00000000fe0fffff] reserved
jan 05 13:17:21 nixos kernel: reserve setup_data: [mem 0x00000000fec00000-0x00000000fec01fff] reserved
jan 05 13:17:21 nixos kernel: reserve setup_data: [mem 0x00000000fec10000-0x00000000fec10fff] reserved
jan 05 13:17:21 nixos kernel: reserve setup_data: [mem 0x00000000fec20000-0x00000000fec20fff] reserved
jan 05 13:17:21 nixos kernel: reserve setup_data: [mem 0x00000000fed80000-0x00000000fed81fff] reserved
jan 05 13:17:21 nixos kernel: reserve setup_data: [mem 0x00000000fee00000-0x00000000fee00fff] reserved
jan 05 13:17:21 nixos kernel: reserve setup_data: [mem 0x00000000ff000000-0x00000000ffffffff] reserved
jan 05 13:17:21 nixos kernel: reserve setup_data: [mem 0x0000000100000000-0x000000082e2fffff] usable
jan 05 13:17:21 nixos kernel: reserve setup_data: [mem 0x000000082e300000-0x000000082fffffff] reserved
jan 05 13:17:21 nixos kernel: efi: EFI v2.7 by INSYDE Corp.
jan 05 13:17:21 nixos kernel: efi: ACPI=0xcdffe000 ACPI 2.0=0xcdffe014 TPMFinalLog=0xcdf3f000 SMBIOS=0xcb70a000 SMBIOS 3.0=0xcb708000 MEMATTR=0xb53f0018 ESRT=0xb53dc418 RNG=0xcdfa8f18 INITRD=0xb5315698 TPMEventLog=0xcdfa4018 
jan 05 13:17:21 nixos kernel: random: crng init done
jan 05 13:17:21 nixos kernel: efi: Remove mem63: MMIO range=[0xf8000000-0xfbffffff] (64MB) from e820 map
jan 05 13:17:21 nixos kernel: e820: remove [mem 0xf8000000-0xfbffffff] reserved
jan 05 13:17:21 nixos kernel: efi: Remove mem64: MMIO range=[0xfde00000-0xfdefffff] (1MB) from e820 map
jan 05 13:17:21 nixos kernel: e820: remove [mem 0xfde00000-0xfdefffff] reserved
jan 05 13:17:21 nixos kernel: efi: Remove mem65: MMIO range=[0xfe000000-0xfe0fffff] (1MB) from e820 map
jan 05 13:17:21 nixos kernel: e820: remove [mem 0xfe000000-0xfe0fffff] reserved
jan 05 13:17:21 nixos kernel: efi: Not removing mem66: MMIO range=[0xfec00000-0xfec01fff] (8KB) from e820 map
jan 05 13:17:21 nixos kernel: efi: Not removing mem67: MMIO range=[0xfec10000-0xfec10fff] (4KB) from e820 map
jan 05 13:17:21 nixos kernel: efi: Not removing mem68: MMIO range=[0xfec20000-0xfec20fff] (4KB) from e820 map
jan 05 13:17:21 nixos kernel: efi: Not removing mem69: MMIO range=[0xfed80000-0xfed81fff] (8KB) from e820 map
jan 05 13:17:21 nixos kernel: efi: Not removing mem70: MMIO range=[0xfee00000-0xfee00fff] (4KB) from e820 map
jan 05 13:17:21 nixos kernel: efi: Remove mem71: MMIO range=[0xff000000-0xffffffff] (16MB) from e820 map
jan 05 13:17:21 nixos kernel: e820: remove [mem 0xff000000-0xffffffff] reserved
jan 05 13:17:21 nixos kernel: SMBIOS 3.3.0 present.
jan 05 13:17:21 nixos kernel: DMI: LENOVO 82N6/LNVNB161216, BIOS GKCN65WW 01/16/2024
jan 05 13:17:21 nixos kernel: DMI: Memory slots populated: 2/2
jan 05 13:17:21 nixos kernel: tsc: Fast TSC calibration using PIT
jan 05 13:17:21 nixos kernel: tsc: Detected 3293.862 MHz processor
jan 05 13:17:21 nixos kernel: e820: update [mem 0x00000000-0x00000fff] usable ==> reserved
jan 05 13:17:21 nixos kernel: e820: remove [mem 0x000a0000-0x000fffff] usable
jan 05 13:17:21 nixos kernel: last_pfn = 0x82e300 max_arch_pfn = 0x400000000
jan 05 13:17:21 nixos kernel: MTRR map: 7 entries (4 fixed + 3 variable; max 21), built from 9 variable MTRRs
jan 05 13:17:21 nixos kernel: x86/PAT: Configuration [0-7]: WB  WC  UC- UC  WB  WP  UC- WT  
jan 05 13:17:21 nixos kernel: last_pfn = 0xce000 max_arch_pfn = 0x400000000
jan 05 13:17:21 nixos kernel: esrt: Reserving ESRT space from 0x00000000b53dc418 to 0x00000000b53dc478.
jan 05 13:17:21 nixos kernel: e820: update [mem 0xb53dc000-0xb53dcfff] usable ==> reserved
jan 05 13:17:21 nixos kernel: Using GB pages for direct mapping
jan 05 13:17:21 nixos kernel: Secure boot disabled
jan 05 13:17:21 nixos kernel: RAMDISK: [mem 0xb039c000-0xb0fe4fff]
jan 05 13:17:21 nixos kernel: ACPI: Early table checksum verification disabled
jan 05 13:17:21 nixos kernel: ACPI: RSDP 0x00000000CDFFE014 000024 (v02 LENOVO)
jan 05 13:17:21 nixos kernel: ACPI: XSDT 0x00000000CDFBE188 000134 (v01 LENOVO CB-01    00000001      01000013)
jan 05 13:17:21 nixos kernel: ACPI: FACP 0x00000000CDFE9000 00010C (v05 LENOVO CB-01    00000001 ACPI 00040000)
jan 05 13:17:21 nixos kernel: ACPI: DSDT 0x00000000CDFC8000 01A3C5 (v01 LENOVO CB-01    00000001 ACPI 00040000)
jan 05 13:17:21 nixos kernel: ACPI: FACS 0x00000000CDEB5000 000040
jan 05 13:17:21 nixos kernel: ACPI: UEFI 0x00000000CDF7E000 000236 (v01 LENOVO CB-01    00000001 ACPI 00040000)
jan 05 13:17:21 nixos kernel: ACPI: SSDT 0x00000000CDFFC000 000CA9 (v01 LENOVO CB-01    00000001 ACPI 00040000)
jan 05 13:17:21 nixos kernel: ACPI: SSDT 0x00000000CDFF4000 0072B0 (v02 LENOVO CB-01    00000001 ACPI 00040000)
jan 05 13:17:21 nixos kernel: ACPI: IVRS 0x00000000CDFF3000 0001A4 (v02 LENOVO CB-01    00000001 ACPI 00040000)
jan 05 13:17:21 nixos kernel: ACPI: SSDT 0x00000000CDFEF000 003A21 (v01 LENOVO CB-01    00000001 ACPI 00040000)
jan 05 13:17:21 nixos kernel: ACPI: SSDT 0x00000000CDFEE000 000472 (v02 LENOVO CB-01    00000001 ACPI 00040000)
jan 05 13:17:21 nixos kernel: ACPI: TPM2 0x00000000CDFED000 00004C (v04 LENOVO CB-01    00000001 ACPI 00040000)
jan 05 13:17:21 nixos kernel: ACPI: MSDM 0x00000000CDFEC000 000055 (v03 LENOVO CB-01    00000001 ACPI 00040000)
jan 05 13:17:21 nixos kernel: ACPI: ASF! 0x00000000CDFEB000 0000A5 (v32 LENOVO CB-01    00000001 ACPI 00040000)
jan 05 13:17:21 nixos kernel: ACPI: BOOT 0x00000000CDFEA000 000028 (v01 LENOVO CB-01    00000001 ACPI 00040000)
jan 05 13:17:21 nixos kernel: ACPI: HPET 0x00000000CDFE8000 000038 (v01 LENOVO CB-01    00000001 ACPI 00040000)
jan 05 13:17:21 nixos kernel: ACPI: APIC 0x00000000CDFE7000 000138 (v03 LENOVO CB-01    00000001 ACPI 00040000)
jan 05 13:17:21 nixos kernel: ACPI: MCFG 0x00000000CDFE6000 00003C (v01 LENOVO CB-01    00000001 ACPI 00040000)
jan 05 13:17:21 nixos kernel: ACPI: SLIC 0x00000000CDFE5000 000176 (v01 LENOVO CB-01    00000001 ACPI 00040000)
jan 05 13:17:21 nixos kernel: ACPI: WDAT 0x00000000CDFE4000 00017C (v01 LENOVO CB-01    00000001 ACPI 00040000)
jan 05 13:17:21 nixos kernel: ACPI: WDRT 0x00000000CDFE3000 000047 (v01 LENOVO CB-01    00000001 ACPI 00040000)
jan 05 13:17:21 nixos kernel: ACPI: SSDT 0x00000000CDFC7000 000080 (v01 LENOVO CB-01    00000001 ACPI 00040000)
jan 05 13:17:21 nixos kernel: ACPI: SSDT 0x00000000CDFC0000 006CEB (v01 LENOVO CB-01    00000001 ACPI 00040000)
jan 05 13:17:21 nixos kernel: ACPI: SSDT 0x00000000CDFBF000 00005C (v02 LENOVO CB-01    00000001 ACPI 00040000)
jan 05 13:17:21 nixos kernel: ACPI: SSDT 0x00000000CDFFD000 00005C (v02 LENOVO CB-01    00000001 ACPI 00040000)
jan 05 13:17:21 nixos kernel: ACPI: SSDT 0x00000000CDFBD000 0000F8 (v01 LENOVO CB-01    00000001 ACPI 00040000)
jan 05 13:17:21 nixos kernel: ACPI: SSDT 0x00000000CDFB7000 005354 (v02 LENOVO CB-01    00000001 ACPI 00040000)
jan 05 13:17:21 nixos kernel: ACPI: CRAT 0x00000000CDFB6000 000EE8 (v01 LENOVO CB-01    00000001 ACPI 00040000)
jan 05 13:17:21 nixos kernel: ACPI: CDIT 0x00000000CDFB5000 000029 (v01 LENOVO CB-01    00000001 ACPI 00040000)
jan 05 13:17:21 nixos kernel: ACPI: SSDT 0x00000000CDFB4000 000139 (v01 LENOVO CB-01    00000001 ACPI 00040000)
jan 05 13:17:21 nixos kernel: ACPI: SSDT 0x00000000CDFB3000 00028D (v01 LENOVO CB-01    00000001 ACPI 00040000)
jan 05 13:17:21 nixos kernel: ACPI: SSDT 0x00000000CDFB2000 00022A (v01 LENOVO CB-01    00000001 ACPI 00040000)
jan 05 13:17:21 nixos kernel: ACPI: SSDT 0x00000000CDFAE000 00362F (v01 LENOVO CB-01    00000001 ACPI 00040000)
jan 05 13:17:21 nixos kernel: ACPI: FPDT 0x00000000CDFAD000 000044 (v01 LENOVO CB-01    00000001 ACPI 00040000)
jan 05 13:17:21 nixos kernel: ACPI: WSMT 0x00000000CDFAB000 000028 (v01 LENOVO CB-01    00000001 ACPI 00040000)
jan 05 13:17:21 nixos kernel: ACPI: SSDT 0x00000000CDFAA000 00007D (v01 LENOVO CB-01    00000001 ACPI 00040000)
jan 05 13:17:21 nixos kernel: ACPI: SSDT 0x00000000CDFA9000 0004DB (v01 LENOVO CB-01    00000001 ACPI 00040000)
jan 05 13:17:21 nixos kernel: ACPI: BGRT 0x00000000CDFAC000 000038 (v01 LENOVO CB-01    00000001 ACPI 00040000)
jan 05 13:17:21 nixos kernel: ACPI: Reserving FACP table memory at [mem 0xcdfe9000-0xcdfe910b]
jan 05 13:17:21 nixos kernel: ACPI: Reserving DSDT table memory at [mem 0xcdfc8000-0xcdfe23c4]
jan 05 13:17:21 nixos kernel: ACPI: Reserving FACS table memory at [mem 0xcdeb5000-0xcdeb503f]
jan 05 13:17:21 nixos kernel: ACPI: Reserving UEFI table memory at [mem 0xcdf7e000-0xcdf7e235]
jan 05 13:17:21 nixos kernel: ACPI: Reserving SSDT table memory at [mem 0xcdffc000-0xcdffcca8]
jan 05 13:17:21 nixos kernel: ACPI: Reserving SSDT table memory at [mem 0xcdff4000-0xcdffb2af]
jan 05 13:17:21 nixos kernel: ACPI: Reserving IVRS table memory at [mem 0xcdff3000-0xcdff31a3]
jan 05 13:17:21 nixos kernel: ACPI: Reserving SSDT table memory at [mem 0xcdfef000-0xcdff2a20]
jan 05 13:17:21 nixos kernel: ACPI: Reserving SSDT table memory at [mem 0xcdfee000-0xcdfee471]
jan 05 13:17:21 nixos kernel: ACPI: Reserving TPM2 table memory at [mem 0xcdfed000-0xcdfed04b]
jan 05 13:17:21 nixos kernel: ACPI: Reserving MSDM table memory at [mem 0xcdfec000-0xcdfec054]
jan 05 13:17:21 nixos kernel: ACPI: Reserving ASF! table memory at [mem 0xcdfeb000-0xcdfeb0a4]
jan 05 13:17:21 nixos kernel: ACPI: Reserving BOOT table memory at [mem 0xcdfea000-0xcdfea027]
jan 05 13:17:21 nixos kernel: ACPI: Reserving HPET table memory at [mem 0xcdfe8000-0xcdfe8037]
jan 05 13:17:21 nixos kernel: ACPI: Reserving APIC table memory at [mem 0xcdfe7000-0xcdfe7137]
jan 05 13:17:21 nixos kernel: ACPI: Reserving MCFG table memory at [mem 0xcdfe6000-0xcdfe603b]
jan 05 13:17:21 nixos kernel: ACPI: Reserving SLIC table memory at [mem 0xcdfe5000-0xcdfe5175]
jan 05 13:17:21 nixos kernel: ACPI: Reserving WDAT table memory at [mem 0xcdfe4000-0xcdfe417b]
jan 05 13:17:21 nixos kernel: ACPI: Reserving WDRT table memory at [mem 0xcdfe3000-0xcdfe3046]
jan 05 13:17:21 nixos kernel: ACPI: Reserving SSDT table memory at [mem 0xcdfc7000-0xcdfc707f]
jan 05 13:17:21 nixos kernel: ACPI: Reserving SSDT table memory at [mem 0xcdfc0000-0xcdfc6cea]
jan 05 13:17:21 nixos kernel: ACPI: Reserving SSDT table memory at [mem 0xcdfbf000-0xcdfbf05b]
jan 05 13:17:21 nixos kernel: ACPI: Reserving SSDT table memory at [mem 0xcdffd000-0xcdffd05b]
jan 05 13:17:21 nixos kernel: ACPI: Reserving SSDT table memory at [mem 0xcdfbd000-0xcdfbd0f7]
jan 05 13:17:21 nixos kernel: ACPI: Reserving SSDT table memory at [mem 0xcdfb7000-0xcdfbc353]
jan 05 13:17:21 nixos kernel: ACPI: Reserving CRAT table memory at [mem 0xcdfb6000-0xcdfb6ee7]
jan 05 13:17:21 nixos kernel: ACPI: Reserving CDIT table memory at [mem 0xcdfb5000-0xcdfb5028]
jan 05 13:17:21 nixos kernel: ACPI: Reserving SSDT table memory at [mem 0xcdfb4000-0xcdfb4138]
jan 05 13:17:21 nixos kernel: ACPI: Reserving SSDT table memory at [mem 0xcdfb3000-0xcdfb328c]
jan 05 13:17:21 nixos kernel: ACPI: Reserving SSDT table memory at [mem 0xcdfb2000-0xcdfb2229]
jan 05 13:17:21 nixos kernel: ACPI: Reserving SSDT table memory at [mem 0xcdfae000-0xcdfb162e]
jan 05 13:17:21 nixos kernel: ACPI: Reserving FPDT table memory at [mem 0xcdfad000-0xcdfad043]
jan 05 13:17:21 nixos kernel: ACPI: Reserving WSMT table memory at [mem 0xcdfab000-0xcdfab027]
jan 05 13:17:21 nixos kernel: ACPI: Reserving SSDT table memory at [mem 0xcdfaa000-0xcdfaa07c]
jan 05 13:17:21 nixos kernel: ACPI: Reserving SSDT table memory at [mem 0xcdfa9000-0xcdfa94da]
jan 05 13:17:21 nixos kernel: ACPI: Reserving BGRT table memory at [mem 0xcdfac000-0xcdfac037]
jan 05 13:17:21 nixos kernel: No NUMA configuration found
jan 05 13:17:21 nixos kernel: Faking a node at [mem 0x0000000000000000-0x000000082e2fffff]
jan 05 13:17:21 nixos kernel: NODE_DATA(0) allocated [mem 0x82e2faac0-0x82e2fffff]
jan 05 13:17:21 nixos kernel: Zone ranges:
jan 05 13:17:21 nixos kernel:   DMA      [mem 0x0000000000001000-0x0000000000ffffff]
jan 05 13:17:21 nixos kernel:   DMA32    [mem 0x0000000001000000-0x00000000ffffffff]
jan 05 13:17:21 nixos kernel:   Normal   [mem 0x0000000100000000-0x000000082e2fffff]
jan 05 13:17:21 nixos kernel:   Device   empty
jan 05 13:17:21 nixos kernel: Movable zone start for each node
jan 05 13:17:21 nixos kernel: Early memory node ranges
jan 05 13:17:21 nixos kernel:   node   0: [mem 0x0000000000001000-0x000000000009efff]
jan 05 13:17:21 nixos kernel:   node   0: [mem 0x0000000000100000-0x00000000099fffff]
jan 05 13:17:21 nixos kernel:   node   0: [mem 0x0000000009e00000-0x0000000009efffff]
jan 05 13:17:21 nixos kernel:   node   0: [mem 0x0000000009f0f000-0x00000000bab68fff]
jan 05 13:17:21 nixos kernel:   node   0: [mem 0x00000000bbd69000-0x00000000c9f7efff]
jan 05 13:17:21 nixos kernel:   node   0: [mem 0x00000000cdfff000-0x00000000cdffffff]
jan 05 13:17:21 nixos kernel:   node   0: [mem 0x0000000100000000-0x000000082e2fffff]
jan 05 13:17:21 nixos kernel: Initmem setup node 0 [mem 0x0000000000001000-0x000000082e2fffff]
jan 05 13:17:21 nixos kernel: On node 0, zone DMA: 1 pages in unavailable ranges
jan 05 13:17:21 nixos kernel: On node 0, zone DMA: 97 pages in unavailable ranges
jan 05 13:17:21 nixos kernel: On node 0, zone DMA32: 1024 pages in unavailable ranges
jan 05 13:17:21 nixos kernel: On node 0, zone DMA32: 15 pages in unavailable ranges
jan 05 13:17:21 nixos kernel: On node 0, zone DMA32: 4608 pages in unavailable ranges
jan 05 13:17:21 nixos kernel: On node 0, zone DMA32: 16512 pages in unavailable ranges
jan 05 13:17:21 nixos kernel: On node 0, zone Normal: 8192 pages in unavailable ranges
jan 05 13:17:21 nixos kernel: On node 0, zone Normal: 7424 pages in unavailable ranges
jan 05 13:17:21 nixos kernel: ACPI: PM-Timer IO Port: 0x408
jan 05 13:17:21 nixos kernel: ACPI: LAPIC_NMI (acpi_id[0x00] high edge lint[0x1])
jan 05 13:17:21 nixos kernel: ACPI: LAPIC_NMI (acpi_id[0x01] high edge lint[0x1])
jan 05 13:17:21 nixos kernel: ACPI: LAPIC_NMI (acpi_id[0x02] high edge lint[0x1])
jan 05 13:17:21 nixos kernel: ACPI: LAPIC_NMI (acpi_id[0x03] high edge lint[0x1])
jan 05 13:17:21 nixos kernel: ACPI: LAPIC_NMI (acpi_id[0x04] high edge lint[0x1])
jan 05 13:17:21 nixos kernel: ACPI: LAPIC_NMI (acpi_id[0x05] high edge lint[0x1])
jan 05 13:17:21 nixos kernel: ACPI: LAPIC_NMI (acpi_id[0x06] high edge lint[0x1])
jan 05 13:17:21 nixos kernel: ACPI: LAPIC_NMI (acpi_id[0x07] high edge lint[0x1])
jan 05 13:17:21 nixos kernel: ACPI: LAPIC_NMI (acpi_id[0x08] high edge lint[0x1])
jan 05 13:17:21 nixos kernel: ACPI: LAPIC_NMI (acpi_id[0x09] high edge lint[0x1])
jan 05 13:17:21 nixos kernel: ACPI: LAPIC_NMI (acpi_id[0x0a] high edge lint[0x1])
jan 05 13:17:21 nixos kernel: ACPI: LAPIC_NMI (acpi_id[0x0b] high edge lint[0x1])
jan 05 13:17:21 nixos kernel: ACPI: LAPIC_NMI (acpi_id[0x0c] high edge lint[0x1])
jan 05 13:17:21 nixos kernel: ACPI: LAPIC_NMI (acpi_id[0x0d] high edge lint[0x1])
jan 05 13:17:21 nixos kernel: ACPI: LAPIC_NMI (acpi_id[0x0e] high edge lint[0x1])
jan 05 13:17:21 nixos kernel: ACPI: LAPIC_NMI (acpi_id[0x0f] high edge lint[0x1])
jan 05 13:17:21 nixos kernel: IOAPIC[0]: apic_id 33, version 33, address 0xfec00000, GSI 0-23
jan 05 13:17:21 nixos kernel: IOAPIC[1]: apic_id 34, version 33, address 0xfec01000, GSI 24-55
jan 05 13:17:21 nixos kernel: ACPI: INT_SRC_OVR (bus 0 bus_irq 0 global_irq 2 dfl dfl)
jan 05 13:17:21 nixos kernel: ACPI: INT_SRC_OVR (bus 0 bus_irq 9 global_irq 9 low level)
jan 05 13:17:21 nixos kernel: ACPI: Using ACPI (MADT) for SMP configuration information
jan 05 13:17:21 nixos kernel: ACPI: HPET id: 0x10228210 base: 0xfed00000
jan 05 13:17:21 nixos kernel: e820: update [mem 0xb538f000-0xb53cefff] usable ==> reserved
jan 05 13:17:21 nixos kernel: CPU topo: Max. logical packages:   1
jan 05 13:17:21 nixos kernel: CPU topo: Max. logical dies:       1
jan 05 13:17:21 nixos kernel: CPU topo: Max. dies per package:   1
jan 05 13:17:21 nixos kernel: CPU topo: Max. threads per core:   2
jan 05 13:17:21 nixos kernel: CPU topo: Num. cores per package:     8
jan 05 13:17:21 nixos kernel: CPU topo: Num. threads per package:  16
jan 05 13:17:21 nixos kernel: CPU topo: Allowing 16 present CPUs plus 0 hotplug CPUs
jan 05 13:17:21 nixos kernel: PM: hibernation: Registered nosave memory: [mem 0x00000000-0x00000fff]
jan 05 13:17:21 nixos kernel: PM: hibernation: Registered nosave memory: [mem 0x0009f000-0x000bffff]
jan 05 13:17:21 nixos kernel: PM: hibernation: Registered nosave memory: [mem 0x000c0000-0x000fffff]
jan 05 13:17:21 nixos kernel: PM: hibernation: Registered nosave memory: [mem 0x09a00000-0x09dfffff]
jan 05 13:17:21 nixos kernel: PM: hibernation: Registered nosave memory: [mem 0x09f00000-0x09f0efff]
jan 05 13:17:21 nixos kernel: PM: hibernation: Registered nosave memory: [mem 0xb52e6000-0xb52e6fff]
jan 05 13:17:21 nixos kernel: PM: hibernation: Registered nosave memory: [mem 0xb530c000-0xb530cfff]
jan 05 13:17:21 nixos kernel: PM: hibernation: Registered nosave memory: [mem 0xb538f000-0xb53cefff]
jan 05 13:17:21 nixos kernel: PM: hibernation: Registered nosave memory: [mem 0xb53dc000-0xb53dcfff]
jan 05 13:17:21 nixos kernel: PM: hibernation: Registered nosave memory: [mem 0xbab69000-0xbbd68fff]
jan 05 13:17:21 nixos kernel: PM: hibernation: Registered nosave memory: [mem 0xc9f7f000-0xccf7efff]
jan 05 13:17:21 nixos kernel: PM: hibernation: Registered nosave memory: [mem 0xccf7f000-0xcdf7efff]
jan 05 13:17:21 nixos kernel: PM: hibernation: Registered nosave memory: [mem 0xcdf7f000-0xcdffefff]
jan 05 13:17:21 nixos kernel: PM: hibernation: Registered nosave memory: [mem 0xce000000-0xcfffffff]
jan 05 13:17:21 nixos kernel: PM: hibernation: Registered nosave memory: [mem 0xd0000000-0xfebfffff]
jan 05 13:17:21 nixos kernel: PM: hibernation: Registered nosave memory: [mem 0xfec00000-0xfec01fff]
jan 05 13:17:21 nixos kernel: PM: hibernation: Registered nosave memory: [mem 0xfec02000-0xfec0ffff]
jan 05 13:17:21 nixos kernel: PM: hibernation: Registered nosave memory: [mem 0xfec10000-0xfec10fff]
jan 05 13:17:21 nixos kernel: PM: hibernation: Registered nosave memory: [mem 0xfec11000-0xfec1ffff]
jan 05 13:17:21 nixos kernel: PM: hibernation: Registered nosave memory: [mem 0xfec20000-0xfec20fff]
jan 05 13:17:21 nixos kernel: PM: hibernation: Registered nosave memory: [mem 0xfec21000-0xfed7ffff]
jan 05 13:17:21 nixos kernel: PM: hibernation: Registered nosave memory: [mem 0xfed80000-0xfed81fff]
jan 05 13:17:21 nixos kernel: PM: hibernation: Registered nosave memory: [mem 0xfed82000-0xfedfffff]
jan 05 13:17:21 nixos kernel: PM: hibernation: Registered nosave memory: [mem 0xfee00000-0xfee00fff]
jan 05 13:17:21 nixos kernel: PM: hibernation: Registered nosave memory: [mem 0xfee01000-0xffffffff]
jan 05 13:17:21 nixos kernel: [mem 0xd0000000-0xfebfffff] available for PCI devices
jan 05 13:17:21 nixos kernel: Booting paravirtualized kernel on bare hardware
jan 05 13:17:21 nixos kernel: clocksource: refined-jiffies: mask: 0xffffffff max_cycles: 0xffffffff, max_idle_ns: 1910969940391419 ns
jan 05 13:17:21 nixos kernel: setup_percpu: NR_CPUS:384 nr_cpumask_bits:16 nr_cpu_ids:16 nr_node_ids:1
jan 05 13:17:21 nixos kernel: percpu: Embedded 87 pages/cpu s233472 r8192 d114688 u524288
jan 05 13:17:21 nixos kernel: pcpu-alloc: s233472 r8192 d114688 u524288 alloc=1*2097152
jan 05 13:17:21 nixos kernel: pcpu-alloc: [0] 00 01 02 03 [0] 04 05 06 07 
jan 05 13:17:21 nixos kernel: pcpu-alloc: [0] 08 09 10 11 [0] 12 13 14 15 
jan 05 13:17:21 nixos kernel: Kernel command line: initrd=\EFI\nixos\zd1h7c558dwf0qwjs4b098l2ba4b3qv9-initrd-linux-6.12.8-initrd.efi init=/nix/store/1l9lblfrv7wrl09hqpdvy7qv4gcjn7wk-nixos-system-nixos-25.05.20250102.6df2492/init loglevel=4 nvidia-drm.modeset=1 nvidia-drm.fbdev=1 nvidia.NVreg_PreserveVideoMemoryAllocations=1
jan 05 13:17:21 nixos kernel: Dentry cache hash table entries: 4194304 (order: 13, 33554432 bytes, linear)
jan 05 13:17:21 nixos kernel: Inode-cache hash table entries: 2097152 (order: 12, 16777216 bytes, linear)
jan 05 13:17:21 nixos kernel: Fallback order for Node 0: 0 
jan 05 13:17:21 nixos kernel: Built 1 zonelists, mobility grouping on.  Total pages: 8350735
jan 05 13:17:21 nixos kernel: Policy zone: Normal
jan 05 13:17:21 nixos kernel: mem auto-init: stack:all(zero), heap alloc:on, heap free:off
jan 05 13:17:21 nixos kernel: software IO TLB: area num 16.
jan 05 13:17:21 nixos kernel: SLUB: HWalign=64, Order=0-3, MinObjects=0, CPUs=16, Nodes=1
jan 05 13:17:21 nixos kernel: ftrace: allocating 45163 entries in 177 pages
jan 05 13:17:21 nixos kernel: ftrace: allocated 177 pages with 4 groups
jan 05 13:17:21 nixos kernel: Dynamic Preempt: voluntary
jan 05 13:17:21 nixos kernel: rcu: Preemptible hierarchical RCU implementation.
jan 05 13:17:21 nixos kernel: rcu:         RCU event tracing is enabled.
jan 05 13:17:21 nixos kernel: rcu:         RCU restricting CPUs from NR_CPUS=384 to nr_cpu_ids=16.
jan 05 13:17:21 nixos kernel:         Trampoline variant of Tasks RCU enabled.
jan 05 13:17:21 nixos kernel:         Rude variant of Tasks RCU enabled.
jan 05 13:17:21 nixos kernel:         Tracing variant of Tasks RCU enabled.
jan 05 13:17:21 nixos kernel: rcu: RCU calculated value of scheduler-enlistment delay is 100 jiffies.
jan 05 13:17:21 nixos kernel: rcu: Adjusting geometry for rcu_fanout_leaf=16, nr_cpu_ids=16
jan 05 13:17:21 nixos kernel: RCU Tasks: Setting shift to 4 and lim to 1 rcu_task_cb_adjust=1 rcu_task_cpu_ids=16.
jan 05 13:17:21 nixos kernel: RCU Tasks Rude: Setting shift to 4 and lim to 1 rcu_task_cb_adjust=1 rcu_task_cpu_ids=16.
jan 05 13:17:21 nixos kernel: RCU Tasks Trace: Setting shift to 4 and lim to 1 rcu_task_cb_adjust=1 rcu_task_cpu_ids=16.
jan 05 13:17:21 nixos kernel: NR_IRQS: 24832, nr_irqs: 1096, preallocated irqs: 16
jan 05 13:17:21 nixos kernel: rcu: srcu_init: Setting srcu_struct sizes based on contention.
jan 05 13:17:21 nixos kernel: kfence: initialized - using 2097152 bytes for 255 objects at 0x(____ptrval____)-0x(____ptrval____)
jan 05 13:17:21 nixos kernel: Console: colour dummy device 80x25
jan 05 13:17:21 nixos kernel: printk: legacy console [tty0] enabled
jan 05 13:17:21 nixos kernel: ACPI: Core revision 20240827
jan 05 13:17:21 nixos kernel: clocksource: hpet: mask: 0xffffffff max_cycles: 0xffffffff, max_idle_ns: 133484873504 ns
jan 05 13:17:21 nixos kernel: APIC: Switch to symmetric I/O mode setup
jan 05 13:17:21 nixos kernel: AMD-Vi: ivrs, add hid:AMDI0020, uid:\_SB.FUR0, rdevid:160
jan 05 13:17:21 nixos kernel: AMD-Vi: ivrs, add hid:AMDI0020, uid:\_SB.FUR1, rdevid:160
jan 05 13:17:21 nixos kernel: AMD-Vi: ivrs, add hid:AMDI0020, uid:\_SB.FUR2, rdevid:160
jan 05 13:17:21 nixos kernel: AMD-Vi: ivrs, add hid:AMDI0020, uid:\_SB.FUR3, rdevid:160
jan 05 13:17:21 nixos kernel: AMD-Vi: Using global IVHD EFR:0x206d73ef22254ade, EFR2:0x0
jan 05 13:17:21 nixos kernel: ..TIMER: vector=0x30 apic1=0 pin1=2 apic2=-1 pin2=-1
jan 05 13:17:21 nixos kernel: clocksource: tsc-early: mask: 0xffffffffffffffff max_cycles: 0x2f7aa5f9689, max_idle_ns: 440795323015 ns
jan 05 13:17:21 nixos kernel: Calibrating delay loop (skipped), value calculated using timer frequency.. 6587.72 BogoMIPS (lpj=3293862)
jan 05 13:17:21 nixos kernel: x86/cpu: User Mode Instruction Prevention (UMIP) activated
jan 05 13:17:21 nixos kernel: LVT offset 1 assigned for vector 0xf9
jan 05 13:17:21 nixos kernel: LVT offset 2 assigned for vector 0xf4
jan 05 13:17:21 nixos kernel: Last level iTLB entries: 4KB 512, 2MB 512, 4MB 256
jan 05 13:17:21 nixos kernel: Last level dTLB entries: 4KB 2048, 2MB 2048, 4MB 1024, 1GB 0
jan 05 13:17:21 nixos kernel: process: using mwait in idle threads
jan 05 13:17:21 nixos kernel: Spectre V1 : Mitigation: usercopy/swapgs barriers and __user pointer sanitization
jan 05 13:17:21 nixos kernel: Spectre V2 : Mitigation: Retpolines
jan 05 13:17:21 nixos kernel: Spectre V2 : Spectre v2 / SpectreRSB mitigation: Filling RSB on context switch
jan 05 13:17:21 nixos kernel: Spectre V2 : Spectre v2 / SpectreRSB : Filling RSB on VMEXIT
jan 05 13:17:21 nixos kernel: Spectre V2 : Enabling Restricted Speculation for firmware calls
jan 05 13:17:21 nixos kernel: Spectre V2 : mitigation: Enabling conditional Indirect Branch Prediction Barrier
jan 05 13:17:21 nixos kernel: Spectre V2 : User space: Mitigation: STIBP always-on protection
jan 05 13:17:21 nixos kernel: Speculative Store Bypass: Mitigation: Speculative Store Bypass disabled via prctl
jan 05 13:17:21 nixos kernel: Speculative Return Stack Overflow: Mitigation: Safe RET
jan 05 13:17:21 nixos kernel: x86/fpu: Supporting XSAVE feature 0x001: 'x87 floating point registers'
jan 05 13:17:21 nixos kernel: x86/fpu: Supporting XSAVE feature 0x002: 'SSE registers'
jan 05 13:17:21 nixos kernel: x86/fpu: Supporting XSAVE feature 0x004: 'AVX registers'
jan 05 13:17:21 nixos kernel: x86/fpu: Supporting XSAVE feature 0x200: 'Protection Keys User registers'
jan 05 13:17:21 nixos kernel: x86/fpu: Supporting XSAVE feature 0x800: 'Control-flow User registers'
jan 05 13:17:21 nixos kernel: x86/fpu: xstate_offset[2]:  576, xstate_sizes[2]:  256
jan 05 13:17:21 nixos kernel: x86/fpu: xstate_offset[9]:  832, xstate_sizes[9]:    8
jan 05 13:17:21 nixos kernel: x86/fpu: xstate_offset[11]:  840, xstate_sizes[11]:   16
jan 05 13:17:21 nixos kernel: x86/fpu: Enabled xstate features 0xa07, context size is 856 bytes, using 'compacted' format.
jan 05 13:17:21 nixos kernel: Freeing SMP alternatives memory: 40K
jan 05 13:17:21 nixos kernel: pid_max: default: 32768 minimum: 301
jan 05 13:17:21 nixos kernel: LSM: initializing lsm=capability,landlock,yama,selinux,bpf
jan 05 13:17:21 nixos kernel: landlock: Up and running.
jan 05 13:17:21 nixos kernel: Yama: becoming mindful.
jan 05 13:17:21 nixos kernel: SELinux:  Initializing.
jan 05 13:17:21 nixos kernel: LSM support for eBPF active
jan 05 13:17:21 nixos kernel: Mount-cache hash table entries: 65536 (order: 7, 524288 bytes, linear)
jan 05 13:17:21 nixos kernel: Mountpoint-cache hash table entries: 65536 (order: 7, 524288 bytes, linear)
jan 05 13:17:21 nixos kernel: smpboot: CPU0: AMD Ryzen 9 5900HX with Radeon Graphics (family: 0x19, model: 0x50, stepping: 0x0)
jan 05 13:17:21 nixos kernel: Performance Events: Fam17h+ core perfctr, AMD PMU driver.
jan 05 13:17:21 nixos kernel: ... version:                0
jan 05 13:17:21 nixos kernel: ... bit width:              48
jan 05 13:17:21 nixos kernel: ... generic registers:      6
jan 05 13:17:21 nixos kernel: ... value mask:             0000ffffffffffff
jan 05 13:17:21 nixos kernel: ... max period:             00007fffffffffff
jan 05 13:17:21 nixos kernel: ... fixed-purpose events:   0
jan 05 13:17:21 nixos kernel: ... event mask:             000000000000003f
jan 05 13:17:21 nixos kernel: signal: max sigframe size: 3376
jan 05 13:17:21 nixos kernel: rcu: Hierarchical SRCU implementation.
jan 05 13:17:21 nixos kernel: rcu:         Max phase no-delay instances is 400.
jan 05 13:17:21 nixos kernel: Timer migration: 2 hierarchy levels; 8 children per group; 2 crossnode level
jan 05 13:17:21 nixos kernel: NMI watchdog: Enabled. Permanently consumes one hw-PMU counter.
jan 05 13:17:21 nixos kernel: smp: Bringing up secondary CPUs ...
jan 05 13:17:21 nixos kernel: smpboot: x86: Booting SMP configuration:
jan 05 13:17:21 nixos kernel: .... node  #0, CPUs:        #2  #4  #6  #8 #10 #12 #14
jan 05 13:17:21 nixos kernel: TSC synchronization [CPU#0 -> CPU#2]:
jan 05 13:17:21 nixos kernel: Measured 11457565601 cycles TSC warp between CPUs, turning off TSC clock.
jan 05 13:17:21 nixos kernel: tsc: Marking TSC unstable due to check_tsc_sync_source failed
jan 05 13:17:21 nixos kernel:   #1  #3  #5  #7  #9 #11 #13 #15
jan 05 13:17:21 nixos kernel: Spectre V2 : Update user space SMT mitigation: STIBP always-on
jan 05 13:17:21 nixos kernel: smp: Brought up 1 node, 16 CPUs
jan 05 13:17:21 nixos kernel: smpboot: Total of 16 processors activated (105403.58 BogoMIPS)
jan 05 13:17:21 nixos kernel: Memory: 32673008K/33402940K available (16384K kernel code, 2477K rwdata, 12476K rodata, 3248K init, 3864K bss, 706600K reserved, 0K cma-reserved)
jan 05 13:17:21 nixos kernel: devtmpfs: initialized
jan 05 13:17:21 nixos kernel: x86/mm: Memory block size: 128MB
jan 05 13:17:21 nixos kernel: ACPI: PM: Registering ACPI NVS region [mem 0x09f00000-0x09f0efff] (61440 bytes)
jan 05 13:17:21 nixos kernel: ACPI: PM: Registering ACPI NVS region [mem 0xccf7f000-0xcdf7efff] (16777216 bytes)
jan 05 13:17:21 nixos kernel: clocksource: jiffies: mask: 0xffffffff max_cycles: 0xffffffff, max_idle_ns: 1911260446275000 ns
jan 05 13:17:21 nixos kernel: futex hash table entries: 4096 (order: 6, 262144 bytes, linear)
jan 05 13:17:21 nixos kernel: pinctrl core: initialized pinctrl subsystem
jan 05 13:17:21 nixos kernel: PM: RTC time: 12:17:19, date: 2025-01-05
jan 05 13:17:21 nixos kernel: NET: Registered PF_NETLINK/PF_ROUTE protocol family
jan 05 13:17:21 nixos kernel: DMA: preallocated 4096 KiB GFP_KERNEL pool for atomic allocations
jan 05 13:17:21 nixos kernel: DMA: preallocated 4096 KiB GFP_KERNEL|GFP_DMA pool for atomic allocations
jan 05 13:17:21 nixos kernel: DMA: preallocated 4096 KiB GFP_KERNEL|GFP_DMA32 pool for atomic allocations
jan 05 13:17:21 nixos kernel: audit: initializing netlink subsys (disabled)
jan 05 13:17:21 nixos kernel: audit: type=2000 audit(1736079439.150:1): state=initialized audit_enabled=0 res=1
jan 05 13:17:21 nixos kernel: thermal_sys: Registered thermal governor 'bang_bang'
jan 05 13:17:21 nixos kernel: thermal_sys: Registered thermal governor 'step_wise'
jan 05 13:17:21 nixos kernel: thermal_sys: Registered thermal governor 'user_space'
jan 05 13:17:21 nixos kernel: cpuidle: using governor menu
jan 05 13:17:21 nixos kernel: Simple Boot Flag at 0x44 set to 0x1
jan 05 13:17:21 nixos kernel: acpiphp: ACPI Hot Plug PCI Controller Driver version: 0.5
jan 05 13:17:21 nixos kernel: PCI: ECAM [mem 0xf8000000-0xfbffffff] (base 0xf8000000) for domain 0000 [bus 00-3f]
jan 05 13:17:21 nixos kernel: PCI: Using configuration type 1 for base access
jan 05 13:17:21 nixos kernel: kprobes: kprobe jump-optimization is enabled. All kprobes are optimized if possible.
jan 05 13:17:21 nixos kernel: HugeTLB: registered 1.00 GiB page size, pre-allocated 0 pages
jan 05 13:17:21 nixos kernel: HugeTLB: 16380 KiB vmemmap can be freed for a 1.00 GiB page
jan 05 13:17:21 nixos kernel: HugeTLB: registered 2.00 MiB page size, pre-allocated 0 pages
jan 05 13:17:21 nixos kernel: HugeTLB: 28 KiB vmemmap can be freed for a 2.00 MiB page
jan 05 13:17:21 nixos kernel: ACPI: Added _OSI(Module Device)
jan 05 13:17:21 nixos kernel: ACPI: Added _OSI(Processor Device)
jan 05 13:17:21 nixos kernel: ACPI: Added _OSI(3.0 _SCP Extensions)
jan 05 13:17:21 nixos kernel: ACPI: Added _OSI(Processor Aggregator Device)
jan 05 13:17:21 nixos kernel: ACPI BIOS Error (bug): Could not resolve symbol [\_SB.PCI0.PB2], AE_NOT_FOUND (20240827/dswload2-162)
jan 05 13:17:21 nixos kernel: fbcon: Taking over console
jan 05 13:17:21 nixos kernel: ACPI Error: AE_NOT_FOUND, During name lookup/catalog (20240827/psobject-220)
jan 05 13:17:21 nixos kernel: ACPI: Skipping parse of AML opcode: OpcodeName unavailable (0x0010)
jan 05 13:17:21 nixos kernel: ACPI: 16 ACPI AML tables successfully acquired and loaded
jan 05 13:17:21 nixos kernel: ACPI: [Firmware Bug]: BIOS _OSI(Linux) query ignored
jan 05 13:17:21 nixos kernel: ACPI: EC: EC started
jan 05 13:17:21 nixos kernel: ACPI: EC: interrupt blocked
jan 05 13:17:21 nixos kernel: ACPI: EC: EC_CMD/EC_SC=0x66, EC_DATA=0x62
jan 05 13:17:21 nixos kernel: ACPI: \_SB_.PCI0.LPC0.EC0_: Boot DSDT EC used to handle transactions
jan 05 13:17:21 nixos kernel: ACPI: Interpreter enabled
jan 05 13:17:21 nixos kernel: ACPI: PM: (supports S0 S3 S4 S5)
jan 05 13:17:21 nixos kernel: ACPI: Using IOAPIC for interrupt routing
jan 05 13:17:21 nixos kernel: PCI: Using host bridge windows from ACPI; if necessary, use "pci=nocrs" and report a bug
jan 05 13:17:21 nixos kernel: PCI: Ignoring E820 reservations for host bridge windows
jan 05 13:17:21 nixos kernel: ACPI: Enabled 5 GPEs in block 00 to 1F
jan 05 13:17:21 nixos kernel: ACPI: \_SB_.PCI0.GPP0.PG00: New power resource
jan 05 13:17:21 nixos kernel: ACPI: \_SB_.PCI0.GPP4.WL00.WRST: New power resource
jan 05 13:17:21 nixos kernel: ACPI: \_SB_.PCI0.GP17.XHC1.RHUB.HSP4.BTPR: New power resource
jan 05 13:17:21 nixos kernel: ACPI: PCI Root Bridge [PCI0] (domain 0000 [bus 00-ff])
jan 05 13:17:21 nixos kernel: acpi PNP0A08:00: _OSC: OS supports [ExtendedConfig ASPM ClockPM Segments MSI HPX-Type3]
jan 05 13:17:21 nixos kernel: acpi PNP0A08:00: _OSC: platform does not support [LTR]
jan 05 13:17:21 nixos kernel: acpi PNP0A08:00: _OSC: OS now controls [PCIeHotplug PME PCIeCapability]
jan 05 13:17:21 nixos kernel: acpi PNP0A08:00: [Firmware Info]: ECAM [mem 0xf8000000-0xfbffffff] for domain 0000 [bus 00-3f] only partially covers this bridge
jan 05 13:17:21 nixos kernel: PCI host bridge to bus 0000:00
jan 05 13:17:21 nixos kernel: pci_bus 0000:00: root bus resource [io  0x0000-0x0cf7 window]
jan 05 13:17:21 nixos kernel: pci_bus 0000:00: root bus resource [io  0x0d00-0xffff window]
jan 05 13:17:21 nixos kernel: pci_bus 0000:00: root bus resource [mem 0x000a0000-0x000bffff window]
jan 05 13:17:21 nixos kernel: pci_bus 0000:00: root bus resource [mem 0x000c0000-0x000cffff window]
jan 05 13:17:21 nixos kernel: pci_bus 0000:00: root bus resource [mem 0x000d0000-0x000effff window]
jan 05 13:17:21 nixos kernel: pci_bus 0000:00: root bus resource [mem 0xd0000000-0xf7ffffff window]
jan 05 13:17:21 nixos kernel: pci_bus 0000:00: root bus resource [mem 0xfc000000-0xfeafffff window]
jan 05 13:17:21 nixos kernel: pci_bus 0000:00: root bus resource [mem 0xfed45000-0xfed811ff window]
jan 05 13:17:21 nixos kernel: pci_bus 0000:00: root bus resource [mem 0xfed81900-0xfed81fff window]
jan 05 13:17:21 nixos kernel: pci_bus 0000:00: root bus resource [mem 0xfedc0000-0xfedc0fff window]
jan 05 13:17:21 nixos kernel: pci_bus 0000:00: root bus resource [mem 0xfedc6000-0xfedc6fff window]
jan 05 13:17:21 nixos kernel: pci_bus 0000:00: root bus resource [mem 0x850200000-0xfcffffffff window]
jan 05 13:17:21 nixos kernel: pci_bus 0000:00: root bus resource [bus 00-ff]
jan 05 13:17:21 nixos kernel: pci 0000:00:00.0: [1022:1630] type 00 class 0x060000 conventional PCI endpoint
jan 05 13:17:21 nixos kernel: pci 0000:00:00.2: [1022:1631] type 00 class 0x080600 conventional PCI endpoint
jan 05 13:17:21 nixos kernel: pci 0000:00:01.0: [1022:1632] type 00 class 0x060000 conventional PCI endpoint
jan 05 13:17:21 nixos kernel: pci 0000:00:01.1: [1022:1633] type 01 class 0x060400 PCIe Root Port
jan 05 13:17:21 nixos kernel: pci 0000:00:01.1: PCI bridge to [bus 01]
jan 05 13:17:21 nixos kernel: pci 0000:00:01.1:   bridge window [io  0x2000-0x2fff]
jan 05 13:17:21 nixos kernel: pci 0000:00:01.1:   bridge window [mem 0xd0000000-0xd10fffff]
jan 05 13:17:21 nixos kernel: pci 0000:00:01.1:   bridge window [mem 0xf800000000-0xfc01ffffff 64bit pref]
jan 05 13:17:21 nixos kernel: pci 0000:00:01.1: PME# supported from D0 D3hot D3cold
jan 05 13:17:21 nixos kernel: pci 0000:00:01.2: [1022:1634] type 01 class 0x060400 PCIe Root Port
jan 05 13:17:21 nixos kernel: pci 0000:00:01.2: PCI bridge to [bus 02]
jan 05 13:17:21 nixos kernel: pci 0000:00:01.2:   bridge window [mem 0xd1900000-0xd19fffff]
jan 05 13:17:21 nixos kernel: pci 0000:00:01.2: PME# supported from D0 D3hot D3cold
jan 05 13:17:21 nixos kernel: pci 0000:00:02.0: [1022:1632] type 00 class 0x060000 conventional PCI endpoint
jan 05 13:17:21 nixos kernel: pci 0000:00:02.1: [1022:1634] type 01 class 0x060400 PCIe Root Port
jan 05 13:17:21 nixos kernel: pci 0000:00:02.1: PCI bridge to [bus 03]
jan 05 13:17:21 nixos kernel: pci 0000:00:02.1:   bridge window [io  0x1000-0x1fff]
jan 05 13:17:21 nixos kernel: pci 0000:00:02.1:   bridge window [mem 0xd1800000-0xd18fffff]
jan 05 13:17:21 nixos kernel: pci 0000:00:02.1: PME# supported from D0 D3hot D3cold
jan 05 13:17:21 nixos kernel: pci 0000:00:02.2: [1022:1634] type 01 class 0x060400 PCIe Root Port
jan 05 13:17:21 nixos kernel: pci 0000:00:02.2: PCI bridge to [bus 04]
jan 05 13:17:21 nixos kernel: pci 0000:00:02.2:   bridge window [mem 0xd1700000-0xd17fffff]
jan 05 13:17:21 nixos kernel: pci 0000:00:02.2: PME# supported from D0 D3hot D3cold
jan 05 13:17:21 nixos kernel: pci 0000:00:02.4: [1022:1634] type 01 class 0x060400 PCIe Root Port
jan 05 13:17:21 nixos kernel: pci 0000:00:02.4: PCI bridge to [bus 05]
jan 05 13:17:21 nixos kernel: pci 0000:00:02.4:   bridge window [mem 0xd1600000-0xd16fffff]
jan 05 13:17:21 nixos kernel: pci 0000:00:02.4: PME# supported from D0 D3hot D3cold
jan 05 13:17:21 nixos kernel: pci 0000:00:08.0: [1022:1632] type 00 class 0x060000 conventional PCI endpoint
jan 05 13:17:21 nixos kernel: pci 0000:00:08.1: [1022:1635] type 01 class 0x060400 PCIe Root Port
jan 05 13:17:21 nixos kernel: pci 0000:00:08.1: PCI bridge to [bus 06]
jan 05 13:17:21 nixos kernel: pci 0000:00:08.1:   bridge window [mem 0xd1200000-0xd15fffff]
jan 05 13:17:21 nixos kernel: pci 0000:00:08.1: enabling Extended Tags
jan 05 13:17:21 nixos kernel: pci 0000:00:08.1: PME# supported from D0 D3hot D3cold
jan 05 13:17:21 nixos kernel: pci 0000:00:08.2: [1022:1635] type 01 class 0x060400 PCIe Root Port
jan 05 13:17:21 nixos kernel: pci 0000:00:08.2: PCI bridge to [bus 07]
jan 05 13:17:21 nixos kernel: pci 0000:00:08.2:   bridge window [mem 0xd1100000-0xd11fffff]
jan 05 13:17:21 nixos kernel: pci 0000:00:08.2: enabling Extended Tags
jan 05 13:17:21 nixos kernel: pci 0000:00:08.2: PME# supported from D0 D3hot D3cold
jan 05 13:17:21 nixos kernel: pci 0000:00:14.0: [1022:790b] type 00 class 0x0c0500 conventional PCI endpoint
jan 05 13:17:21 nixos kernel: pci 0000:00:14.3: [1022:790e] type 00 class 0x060100 conventional PCI endpoint
jan 05 13:17:21 nixos kernel: pci 0000:00:18.0: [1022:166a] type 00 class 0x060000 conventional PCI endpoint
jan 05 13:17:21 nixos kernel: pci 0000:00:18.1: [1022:166b] type 00 class 0x060000 conventional PCI endpoint
jan 05 13:17:21 nixos kernel: pci 0000:00:18.2: [1022:166c] type 00 class 0x060000 conventional PCI endpoint
jan 05 13:17:21 nixos kernel: pci 0000:00:18.3: [1022:166d] type 00 class 0x060000 conventional PCI endpoint
jan 05 13:17:21 nixos kernel: pci 0000:00:18.4: [1022:166e] type 00 class 0x060000 conventional PCI endpoint
jan 05 13:17:21 nixos kernel: pci 0000:00:18.5: [1022:166f] type 00 class 0x060000 conventional PCI endpoint
jan 05 13:17:21 nixos kernel: pci 0000:00:18.6: [1022:1670] type 00 class 0x060000 conventional PCI endpoint
jan 05 13:17:21 nixos kernel: pci 0000:00:18.7: [1022:1671] type 00 class 0x060000 conventional PCI endpoint
jan 05 13:17:21 nixos kernel: pci 0000:01:00.0: [10de:24dc] type 00 class 0x030000 PCIe Legacy Endpoint
jan 05 13:17:21 nixos kernel: pci 0000:01:00.0: BAR 0 [mem 0xd0000000-0xd0ffffff]
jan 05 13:17:21 nixos kernel: pci 0000:01:00.0: BAR 1 [mem 0xf800000000-0xfbffffffff 64bit pref]
jan 05 13:17:21 nixos kernel: pci 0000:01:00.0: BAR 3 [mem 0xfc00000000-0xfc01ffffff 64bit pref]
jan 05 13:17:21 nixos kernel: pci 0000:01:00.0: BAR 5 [io  0x2000-0x207f]
jan 05 13:17:21 nixos kernel: pci 0000:01:00.0: ROM [mem 0xfff80000-0xffffffff pref]
jan 05 13:17:21 nixos kernel: pci 0000:01:00.0: PME# supported from D0 D3hot
jan 05 13:17:21 nixos kernel: pci 0000:01:00.0: 63.008 Gb/s available PCIe bandwidth, limited by 8.0 GT/s PCIe x8 link at 0000:00:01.1 (capable of 252.048 Gb/s with 16.0 GT/s PCIe x16 link)
jan 05 13:17:21 nixos kernel: pci 0000:01:00.1: [10de:228b] type 00 class 0x040300 PCIe Endpoint
jan 05 13:17:21 nixos kernel: pci 0000:01:00.1: BAR 0 [mem 0xd1000000-0xd1003fff]
jan 05 13:17:21 nixos kernel: pci 0000:00:01.1: PCI bridge to [bus 01]
jan 05 13:17:21 nixos kernel: pci 0000:02:00.0: [144d:a808] type 00 class 0x010802 PCIe Endpoint
jan 05 13:17:21 nixos kernel: pci 0000:02:00.0: BAR 0 [mem 0xd1900000-0xd1903fff 64bit]
jan 05 13:17:21 nixos kernel: pci 0000:00:01.2: PCI bridge to [bus 02]
jan 05 13:17:21 nixos kernel: pci 0000:03:00.0: [10ec:8168] type 00 class 0x020000 PCIe Endpoint
jan 05 13:17:21 nixos kernel: pci 0000:03:00.0: BAR 0 [io  0x1000-0x10ff]
jan 05 13:17:21 nixos kernel: pci 0000:03:00.0: BAR 2 [mem 0xd1804000-0xd1804fff 64bit]
jan 05 13:17:21 nixos kernel: pci 0000:03:00.0: BAR 4 [mem 0xd1800000-0xd1803fff 64bit]
jan 05 13:17:21 nixos kernel: pci 0000:03:00.0: supports D1 D2
jan 05 13:17:21 nixos kernel: pci 0000:03:00.0: PME# supported from D0 D1 D2 D3hot D3cold
jan 05 13:17:21 nixos kernel: pci 0000:00:02.1: PCI bridge to [bus 03]
jan 05 13:17:21 nixos kernel: pci 0000:04:00.0: [8086:2723] type 00 class 0x028000 PCIe Endpoint
jan 05 13:17:21 nixos kernel: pci 0000:04:00.0: BAR 0 [mem 0xd1700000-0xd1703fff 64bit]
jan 05 13:17:21 nixos kernel: pci 0000:04:00.0: PME# supported from D0 D3hot D3cold
jan 05 13:17:21 nixos kernel: pci 0000:00:02.2: PCI bridge to [bus 04]
jan 05 13:17:21 nixos kernel: pci 0000:05:00.0: [144d:a808] type 00 class 0x010802 PCIe Endpoint
jan 05 13:17:21 nixos kernel: pci 0000:05:00.0: BAR 0 [mem 0xd1600000-0xd1603fff 64bit]
jan 05 13:17:21 nixos kernel: pci 0000:00:02.4: PCI bridge to [bus 05]
jan 05 13:17:21 nixos kernel: pci 0000:06:00.0: [1022:145a] type 00 class 0x130000 PCIe Legacy Endpoint
jan 05 13:17:21 nixos kernel: pci 0000:06:00.0: enabling Extended Tags
jan 05 13:17:21 nixos kernel: pci 0000:06:00.0: 126.016 Gb/s available PCIe bandwidth, limited by 8.0 GT/s PCIe x16 link at 0000:00:08.1 (capable of 252.048 Gb/s with 16.0 GT/s PCIe x16 link)
jan 05 13:17:21 nixos kernel: pci 0000:06:00.2: [1022:15df] type 00 class 0x108000 PCIe Endpoint
jan 05 13:17:21 nixos kernel: pci 0000:06:00.2: BAR 2 [mem 0xd1400000-0xd14fffff]
jan 05 13:17:21 nixos kernel: pci 0000:06:00.2: BAR 5 [mem 0xd1508000-0xd1509fff]
jan 05 13:17:21 nixos kernel: pci 0000:06:00.2: enabling Extended Tags
jan 05 13:17:21 nixos kernel: pci 0000:06:00.3: [1022:1639] type 00 class 0x0c0330 PCIe Endpoint
jan 05 13:17:21 nixos kernel: pci 0000:06:00.3: BAR 0 [mem 0xd1200000-0xd12fffff 64bit]
jan 05 13:17:21 nixos kernel: pci 0000:06:00.3: enabling Extended Tags
jan 05 13:17:21 nixos kernel: pci 0000:06:00.3: PME# supported from D0 D3hot D3cold
jan 05 13:17:21 nixos kernel: pci 0000:06:00.4: [1022:1639] type 00 class 0x0c0330 PCIe Endpoint
jan 05 13:17:21 nixos kernel: pci 0000:06:00.4: BAR 0 [mem 0xd1300000-0xd13fffff 64bit]
jan 05 13:17:21 nixos kernel: pci 0000:06:00.4: enabling Extended Tags
jan 05 13:17:21 nixos kernel: pci 0000:06:00.4: PME# supported from D0 D3hot D3cold
jan 05 13:17:21 nixos kernel: pci 0000:06:00.6: [1022:15e3] type 00 class 0x040300 PCIe Endpoint
jan 05 13:17:21 nixos kernel: pci 0000:06:00.6: BAR 0 [mem 0xd1500000-0xd1507fff]
jan 05 13:17:21 nixos kernel: pci 0000:06:00.6: enabling Extended Tags
jan 05 13:17:21 nixos kernel: pci 0000:06:00.6: PME# supported from D0 D3hot D3cold
jan 05 13:17:21 nixos kernel: pci 0000:00:08.1: PCI bridge to [bus 06]
jan 05 13:17:21 nixos kernel: pci 0000:07:00.0: [1022:7901] type 00 class 0x010601 PCIe Endpoint
jan 05 13:17:21 nixos kernel: pci 0000:07:00.0: BAR 5 [mem 0xd1101000-0xd11017ff]
jan 05 13:17:21 nixos kernel: pci 0000:07:00.0: enabling Extended Tags
jan 05 13:17:21 nixos kernel: pci 0000:07:00.0: 126.016 Gb/s available PCIe bandwidth, limited by 8.0 GT/s PCIe x16 link at 0000:00:08.2 (capable of 252.048 Gb/s with 16.0 GT/s PCIe x16 link)
jan 05 13:17:21 nixos kernel: pci 0000:07:00.1: [1022:7901] type 00 class 0x010601 PCIe Endpoint
jan 05 13:17:21 nixos kernel: pci 0000:07:00.1: BAR 5 [mem 0xd1100000-0xd11007ff]
jan 05 13:17:21 nixos kernel: pci 0000:07:00.1: enabling Extended Tags
jan 05 13:17:21 nixos kernel: pci 0000:00:08.2: PCI bridge to [bus 07]
jan 05 13:17:21 nixos kernel: ACPI: PCI: Interrupt link LNKA configured for IRQ 0
jan 05 13:17:21 nixos kernel: ACPI: PCI: Interrupt link LNKA disabled
jan 05 13:17:21 nixos kernel: ACPI: PCI: Interrupt link LNKB configured for IRQ 0
jan 05 13:17:21 nixos kernel: ACPI: PCI: Interrupt link LNKB disabled
jan 05 13:17:21 nixos kernel: ACPI: PCI: Interrupt link LNKC configured for IRQ 0
jan 05 13:17:21 nixos kernel: ACPI: PCI: Interrupt link LNKC disabled
jan 05 13:17:21 nixos kernel: ACPI: PCI: Interrupt link LNKD configured for IRQ 0
jan 05 13:17:21 nixos kernel: ACPI: PCI: Interrupt link LNKD disabled
jan 05 13:17:21 nixos kernel: ACPI: PCI: Interrupt link LNKE configured for IRQ 0
jan 05 13:17:21 nixos kernel: ACPI: PCI: Interrupt link LNKE disabled
jan 05 13:17:21 nixos kernel: ACPI: PCI: Interrupt link LNKF configured for IRQ 0
jan 05 13:17:21 nixos kernel: ACPI: PCI: Interrupt link LNKF disabled
jan 05 13:17:21 nixos kernel: ACPI: PCI: Interrupt link LNKG configured for IRQ 0
jan 05 13:17:21 nixos kernel: ACPI: PCI: Interrupt link LNKG disabled
jan 05 13:17:21 nixos kernel: ACPI: PCI: Interrupt link LNKH configured for IRQ 0
jan 05 13:17:21 nixos kernel: ACPI: PCI: Interrupt link LNKH disabled
jan 05 13:17:21 nixos kernel: ACPI: EC: interrupt unblocked
jan 05 13:17:21 nixos kernel: ACPI: EC: event unblocked
jan 05 13:17:21 nixos kernel: ACPI: EC: EC_CMD/EC_SC=0x66, EC_DATA=0x62
jan 05 13:17:21 nixos kernel: ACPI: EC: GPE=0x3
jan 05 13:17:21 nixos kernel: ACPI: \_SB_.PCI0.LPC0.EC0_: Boot DSDT EC initialization complete
jan 05 13:17:21 nixos kernel: ACPI: \_SB_.PCI0.LPC0.EC0_: EC: Used to handle transactions and events
jan 05 13:17:21 nixos kernel: iommu: Default domain type: Translated
jan 05 13:17:21 nixos kernel: iommu: DMA domain TLB invalidation policy: lazy mode
jan 05 13:17:21 nixos kernel: ACPI: bus type USB registered
jan 05 13:17:21 nixos kernel: usbcore: registered new interface driver usbfs
jan 05 13:17:21 nixos kernel: usbcore: registered new interface driver hub
jan 05 13:17:21 nixos kernel: usbcore: registered new device driver usb
jan 05 13:17:21 nixos kernel: efivars: Registered efivars operations
jan 05 13:17:21 nixos kernel: NetLabel: Initializing
jan 05 13:17:21 nixos kernel: NetLabel:  domain hash size = 128
jan 05 13:17:21 nixos kernel: NetLabel:  protocols = UNLABELED CIPSOv4 CALIPSO
jan 05 13:17:21 nixos kernel: NetLabel:  unlabeled traffic allowed by default
jan 05 13:17:21 nixos kernel: PCI: Using ACPI for IRQ routing
jan 05 13:17:21 nixos kernel: PCI: pci_cache_line_size set to 64 bytes
jan 05 13:17:21 nixos kernel: resource: Expanded resource Reserved due to conflict with PCI Bus 0000:00
jan 05 13:17:21 nixos kernel: e820: reserve RAM buffer [mem 0x0009f000-0x0009ffff]
jan 05 13:17:21 nixos kernel: e820: reserve RAM buffer [mem 0x09a00000-0x0bffffff]
jan 05 13:17:21 nixos kernel: e820: reserve RAM buffer [mem 0x09f00000-0x0bffffff]
jan 05 13:17:21 nixos kernel: e820: reserve RAM buffer [mem 0xb52e6018-0xb7ffffff]
jan 05 13:17:21 nixos kernel: e820: reserve RAM buffer [mem 0xb538f000-0xb7ffffff]
jan 05 13:17:21 nixos kernel: e820: reserve RAM buffer [mem 0xb53dc000-0xb7ffffff]
jan 05 13:17:21 nixos kernel: e820: reserve RAM buffer [mem 0xbab69000-0xbbffffff]
jan 05 13:17:21 nixos kernel: e820: reserve RAM buffer [mem 0xc9f7f000-0xcbffffff]
jan 05 13:17:21 nixos kernel: e820: reserve RAM buffer [mem 0xce000000-0xcfffffff]
jan 05 13:17:21 nixos kernel: e820: reserve RAM buffer [mem 0x82e300000-0x82fffffff]
jan 05 13:17:21 nixos kernel: pci 0000:01:00.0: vgaarb: setting as boot VGA device
jan 05 13:17:21 nixos kernel: pci 0000:01:00.0: vgaarb: bridge control possible
jan 05 13:17:21 nixos kernel: pci 0000:01:00.0: vgaarb: VGA device added: decodes=io+mem,owns=none,locks=none
jan 05 13:17:21 nixos kernel: vgaarb: loaded
jan 05 13:17:21 nixos kernel: hpet0: at MMIO 0xfed00000, IRQs 2, 8, 0
jan 05 13:17:21 nixos kernel: hpet0: 3 comparators, 32-bit 14.318180 MHz counter
jan 05 13:17:21 nixos kernel: clocksource: Switched to clocksource hpet
jan 05 13:17:21 nixos kernel: VFS: Disk quotas dquot_6.6.0
jan 05 13:17:21 nixos kernel: VFS: Dquot-cache hash table entries: 512 (order 0, 4096 bytes)
jan 05 13:17:21 nixos kernel: pnp: PnP ACPI init
jan 05 13:17:21 nixos kernel: system 00:00: [mem 0xfec00000-0xfec01fff] could not be reserved
jan 05 13:17:21 nixos kernel: system 00:00: [mem 0xfee00000-0xfee00fff] has been reserved
jan 05 13:17:21 nixos kernel: system 00:00: [mem 0xfde00000-0xfdefffff] has been reserved
jan 05 13:17:21 nixos kernel: system 00:03: [io  0x0400-0x04cf] could not be reserved
jan 05 13:17:21 nixos kernel: system 00:03: [io  0x04d0-0x04d1] has been reserved
jan 05 13:17:21 nixos kernel: system 00:03: [io  0x04d6] has been reserved
jan 05 13:17:21 nixos kernel: system 00:03: [io  0x0c00-0x0c01] has been reserved
jan 05 13:17:21 nixos kernel: system 00:03: [io  0x0c14] has been reserved
jan 05 13:17:21 nixos kernel: system 00:03: [io  0x0c50-0x0c52] has been reserved
jan 05 13:17:21 nixos kernel: system 00:03: [io  0x0c6c] has been reserved
jan 05 13:17:21 nixos kernel: system 00:03: [io  0x0c6f] has been reserved
jan 05 13:17:21 nixos kernel: system 00:03: [io  0x0cd0-0x0cdb] has been reserved
jan 05 13:17:21 nixos kernel: system 00:04: [mem 0xff000000-0xffffffff] has been reserved
jan 05 13:17:21 nixos kernel: pnp: PnP ACPI: found 5 devices
jan 05 13:17:21 nixos kernel: clocksource: acpi_pm: mask: 0xffffff max_cycles: 0xffffff, max_idle_ns: 2085701024 ns
jan 05 13:17:21 nixos kernel: NET: Registered PF_INET protocol family
jan 05 13:17:21 nixos kernel: IP idents hash table entries: 262144 (order: 9, 2097152 bytes, linear)
jan 05 13:17:21 nixos kernel: tcp_listen_portaddr_hash hash table entries: 16384 (order: 6, 262144 bytes, linear)
jan 05 13:17:21 nixos kernel: Table-perturb hash table entries: 65536 (order: 6, 262144 bytes, linear)
jan 05 13:17:21 nixos kernel: TCP established hash table entries: 262144 (order: 9, 2097152 bytes, linear)
jan 05 13:17:21 nixos kernel: TCP bind hash table entries: 65536 (order: 9, 2097152 bytes, linear)
jan 05 13:17:21 nixos kernel: TCP: Hash tables configured (established 262144 bind 65536)
jan 05 13:17:21 nixos kernel: MPTCP token hash table entries: 32768 (order: 7, 786432 bytes, linear)
jan 05 13:17:21 nixos kernel: UDP hash table entries: 16384 (order: 7, 524288 bytes, linear)
jan 05 13:17:21 nixos kernel: UDP-Lite hash table entries: 16384 (order: 7, 524288 bytes, linear)
jan 05 13:17:21 nixos kernel: NET: Registered PF_UNIX/PF_LOCAL protocol family
jan 05 13:17:21 nixos kernel: NET: Registered PF_XDP protocol family
jan 05 13:17:21 nixos kernel: pci 0000:01:00.0: ROM [mem 0xfff80000-0xffffffff pref]: can't claim; no compatible bridge window
jan 05 13:17:21 nixos kernel: pci 0000:01:00.0: ROM [mem 0xd1080000-0xd10fffff pref]: assigned
jan 05 13:17:21 nixos kernel: pci 0000:00:01.1: PCI bridge to [bus 01]
jan 05 13:17:21 nixos kernel: pci 0000:00:01.1:   bridge window [io  0x2000-0x2fff]
jan 05 13:17:21 nixos kernel: pci 0000:00:01.1:   bridge window [mem 0xd0000000-0xd10fffff]
jan 05 13:17:21 nixos kernel: pci 0000:00:01.1:   bridge window [mem 0xf800000000-0xfc01ffffff 64bit pref]
jan 05 13:17:21 nixos kernel: pci 0000:00:01.2: PCI bridge to [bus 02]
jan 05 13:17:21 nixos kernel: pci 0000:00:01.2:   bridge window [mem 0xd1900000-0xd19fffff]
jan 05 13:17:21 nixos kernel: pci 0000:00:02.1: PCI bridge to [bus 03]
jan 05 13:17:21 nixos kernel: pci 0000:00:02.1:   bridge window [io  0x1000-0x1fff]
jan 05 13:17:21 nixos kernel: pci 0000:00:02.1:   bridge window [mem 0xd1800000-0xd18fffff]
jan 05 13:17:21 nixos kernel: pci 0000:00:02.2: PCI bridge to [bus 04]
jan 05 13:17:21 nixos kernel: pci 0000:00:02.2:   bridge window [mem 0xd1700000-0xd17fffff]
jan 05 13:17:21 nixos kernel: pci 0000:00:02.4: PCI bridge to [bus 05]
jan 05 13:17:21 nixos kernel: pci 0000:00:02.4:   bridge window [mem 0xd1600000-0xd16fffff]
jan 05 13:17:21 nixos kernel: pci 0000:00:08.1: PCI bridge to [bus 06]
jan 05 13:17:21 nixos kernel: pci 0000:00:08.1:   bridge window [mem 0xd1200000-0xd15fffff]
jan 05 13:17:21 nixos kernel: pci 0000:00:08.2: PCI bridge to [bus 07]
jan 05 13:17:21 nixos kernel: pci 0000:00:08.2:   bridge window [mem 0xd1100000-0xd11fffff]
jan 05 13:17:21 nixos kernel: pci_bus 0000:00: resource 4 [io  0x0000-0x0cf7 window]
jan 05 13:17:21 nixos kernel: pci_bus 0000:00: resource 5 [io  0x0d00-0xffff window]
jan 05 13:17:21 nixos kernel: pci_bus 0000:00: resource 6 [mem 0x000a0000-0x000bffff window]
jan 05 13:17:21 nixos kernel: pci_bus 0000:00: resource 7 [mem 0x000c0000-0x000cffff window]
jan 05 13:17:21 nixos kernel: pci_bus 0000:00: resource 8 [mem 0x000d0000-0x000effff window]
jan 05 13:17:21 nixos kernel: pci_bus 0000:00: resource 9 [mem 0xd0000000-0xf7ffffff window]
jan 05 13:17:21 nixos kernel: pci_bus 0000:00: resource 10 [mem 0xfc000000-0xfeafffff window]
jan 05 13:17:21 nixos kernel: pci_bus 0000:00: resource 11 [mem 0xfed45000-0xfed811ff window]
jan 05 13:17:21 nixos kernel: pci_bus 0000:00: resource 12 [mem 0xfed81900-0xfed81fff window]
jan 05 13:17:21 nixos kernel: pci_bus 0000:00: resource 13 [mem 0xfedc0000-0xfedc0fff window]
jan 05 13:17:21 nixos kernel: pci_bus 0000:00: resource 14 [mem 0xfedc6000-0xfedc6fff window]
jan 05 13:17:21 nixos kernel: pci_bus 0000:00: resource 15 [mem 0x850200000-0xfcffffffff window]
jan 05 13:17:21 nixos kernel: pci_bus 0000:01: resource 0 [io  0x2000-0x2fff]
jan 05 13:17:21 nixos kernel: pci_bus 0000:01: resource 1 [mem 0xd0000000-0xd10fffff]
jan 05 13:17:21 nixos kernel: pci_bus 0000:01: resource 2 [mem 0xf800000000-0xfc01ffffff 64bit pref]
jan 05 13:17:21 nixos kernel: pci_bus 0000:02: resource 1 [mem 0xd1900000-0xd19fffff]
jan 05 13:17:21 nixos kernel: pci_bus 0000:03: resource 0 [io  0x1000-0x1fff]
jan 05 13:17:21 nixos kernel: pci_bus 0000:03: resource 1 [mem 0xd1800000-0xd18fffff]
jan 05 13:17:21 nixos kernel: pci_bus 0000:04: resource 1 [mem 0xd1700000-0xd17fffff]
jan 05 13:17:21 nixos kernel: pci_bus 0000:05: resource 1 [mem 0xd1600000-0xd16fffff]
jan 05 13:17:21 nixos kernel: pci_bus 0000:06: resource 1 [mem 0xd1200000-0xd15fffff]
jan 05 13:17:21 nixos kernel: pci_bus 0000:07: resource 1 [mem 0xd1100000-0xd11fffff]
jan 05 13:17:21 nixos kernel: pci 0000:01:00.1: extending delay after power-on from D3hot to 20 msec
jan 05 13:17:21 nixos kernel: pci 0000:01:00.1: D0 power state depends on 0000:01:00.0
jan 05 13:17:21 nixos kernel: pci 0000:06:00.3: extending delay after power-on from D3hot to 20 msec
jan 05 13:17:21 nixos kernel: pci 0000:06:00.3: quirk_usb_early_handoff+0x0/0x740 took 99032 usecs
jan 05 13:17:21 nixos kernel: pci 0000:06:00.4: extending delay after power-on from D3hot to 20 msec
jan 05 13:17:21 nixos kernel: pci 0000:06:00.4: quirk_usb_early_handoff+0x0/0x740 took 134982 usecs
jan 05 13:17:21 nixos kernel: PCI: CLS 64 bytes, default 64
jan 05 13:17:21 nixos kernel: pci 0000:00:00.2: AMD-Vi: IOMMU performance counters supported
jan 05 13:17:21 nixos kernel: Trying to unpack rootfs image as initramfs...
jan 05 13:17:21 nixos kernel: pci 0000:00:01.0: Adding to iommu group 0
jan 05 13:17:21 nixos kernel: pci 0000:00:01.1: Adding to iommu group 1
jan 05 13:17:21 nixos kernel: pci 0000:00:01.2: Adding to iommu group 2
jan 05 13:17:21 nixos kernel: pci 0000:00:02.0: Adding to iommu group 3
jan 05 13:17:21 nixos kernel: pci 0000:00:02.1: Adding to iommu group 4
jan 05 13:17:21 nixos kernel: pci 0000:00:02.2: Adding to iommu group 5
jan 05 13:17:21 nixos kernel: pci 0000:00:02.4: Adding to iommu group 6
jan 05 13:17:21 nixos kernel: pci 0000:00:08.0: Adding to iommu group 7
jan 05 13:17:21 nixos kernel: pci 0000:00:08.1: Adding to iommu group 8
jan 05 13:17:21 nixos kernel: pci 0000:00:08.2: Adding to iommu group 9
jan 05 13:17:21 nixos kernel: pci 0000:00:14.0: Adding to iommu group 10
jan 05 13:17:21 nixos kernel: pci 0000:00:14.3: Adding to iommu group 10
jan 05 13:17:21 nixos kernel: pci 0000:00:18.0: Adding to iommu group 11
jan 05 13:17:21 nixos kernel: pci 0000:00:18.1: Adding to iommu group 11
jan 05 13:17:21 nixos kernel: pci 0000:00:18.2: Adding to iommu group 11
jan 05 13:17:21 nixos kernel: pci 0000:00:18.3: Adding to iommu group 11
jan 05 13:17:21 nixos kernel: pci 0000:00:18.4: Adding to iommu group 11
jan 05 13:17:21 nixos kernel: pci 0000:00:18.5: Adding to iommu group 11
jan 05 13:17:21 nixos kernel: pci 0000:00:18.6: Adding to iommu group 11
jan 05 13:17:21 nixos kernel: pci 0000:00:18.7: Adding to iommu group 11
jan 05 13:17:21 nixos kernel: pci 0000:01:00.0: Adding to iommu group 12
jan 05 13:17:21 nixos kernel: pci 0000:01:00.1: Adding to iommu group 12
jan 05 13:17:21 nixos kernel: pci 0000:02:00.0: Adding to iommu group 13
jan 05 13:17:21 nixos kernel: pci 0000:03:00.0: Adding to iommu group 14
jan 05 13:17:21 nixos kernel: pci 0000:04:00.0: Adding to iommu group 15
jan 05 13:17:21 nixos kernel: pci 0000:05:00.0: Adding to iommu group 16
jan 05 13:17:21 nixos kernel: pci 0000:06:00.0: Adding to iommu group 17
jan 05 13:17:21 nixos kernel: pci 0000:06:00.2: Adding to iommu group 18
jan 05 13:17:21 nixos kernel: pci 0000:06:00.3: Adding to iommu group 19
jan 05 13:17:21 nixos kernel: pci 0000:06:00.4: Adding to iommu group 20
jan 05 13:17:21 nixos kernel: pci 0000:06:00.6: Adding to iommu group 21
jan 05 13:17:21 nixos kernel: pci 0000:07:00.0: Adding to iommu group 22
jan 05 13:17:21 nixos kernel: pci 0000:07:00.1: Adding to iommu group 23
jan 05 13:17:21 nixos kernel: AMD-Vi: Extended features (0x206d73ef22254ade, 0x0): PPR X2APIC NX GT IA GA PC GA_vAPIC
jan 05 13:17:21 nixos kernel: AMD-Vi: Interrupt remapping enabled
jan 05 13:17:21 nixos kernel: AMD-Vi: X2APIC enabled
jan 05 13:17:21 nixos kernel: AMD-Vi: Virtual APIC enabled
jan 05 13:17:21 nixos kernel: PCI-DMA: Using software bounce buffering for IO (SWIOTLB)
jan 05 13:17:21 nixos kernel: software IO TLB: mapped [mem 0x00000000c5022000-0x00000000c9022000] (64MB)
jan 05 13:17:21 nixos kernel: LVT offset 0 assigned for vector 0x400
jan 05 13:17:21 nixos kernel: perf: AMD IBS detected (0x000003ff)
jan 05 13:17:21 nixos kernel: perf/amd_iommu: Detected AMD IOMMU #0 (2 banks, 4 counters/bank).
jan 05 13:17:21 nixos kernel: Initialise system trusted keyrings
jan 05 13:17:21 nixos kernel: workingset: timestamp_bits=40 max_order=23 bucket_order=0
jan 05 13:17:21 nixos kernel: Key type asymmetric registered
jan 05 13:17:21 nixos kernel: Asymmetric key parser 'x509' registered
jan 05 13:17:21 nixos kernel: Block layer SCSI generic (bsg) driver version 0.4 loaded (major 251)
jan 05 13:17:21 nixos kernel: io scheduler mq-deadline registered
jan 05 13:17:21 nixos kernel: io scheduler kyber registered
jan 05 13:17:21 nixos kernel: pcieport 0000:00:01.1: PME: Signaling with IRQ 28
jan 05 13:17:21 nixos kernel: pcieport 0000:00:01.2: PME: Signaling with IRQ 29
jan 05 13:17:21 nixos kernel: pcieport 0000:00:02.1: PME: Signaling with IRQ 30
jan 05 13:17:21 nixos kernel: pcieport 0000:00:02.2: PME: Signaling with IRQ 31
jan 05 13:17:21 nixos kernel: pcieport 0000:00:02.4: PME: Signaling with IRQ 32
jan 05 13:17:21 nixos kernel: pcieport 0000:00:08.1: PME: Signaling with IRQ 33
jan 05 13:17:21 nixos kernel: pcieport 0000:00:08.2: PME: Signaling with IRQ 34
jan 05 13:17:21 nixos kernel: Monitor-Mwait will be used to enter C-1 state
jan 05 13:17:21 nixos kernel: Estimated ratio of average max frequency by base frequency (times 1024): 1238
jan 05 13:17:21 nixos kernel: Serial: 8250/16550 driver, 4 ports, IRQ sharing enabled
jan 05 13:17:21 nixos kernel: Linux agpgart interface v0.103
jan 05 13:17:21 nixos kernel: ACPI: bus type drm_connector registered
jan 05 13:17:21 nixos kernel: usbcore: registered new interface driver usbserial_generic
jan 05 13:17:21 nixos kernel: usbserial: USB Serial support registered for generic
jan 05 13:17:21 nixos kernel: simple-framebuffer simple-framebuffer.0: [drm] Registered 1 planes with drm panic
jan 05 13:17:21 nixos kernel: [drm] Initialized simpledrm 1.0.0 for simple-framebuffer.0 on minor 0
jan 05 13:17:21 nixos kernel: Freeing initrd memory: 12580K
jan 05 13:17:21 nixos kernel: Console: switching to colour frame buffer device 160x50
jan 05 13:17:21 nixos kernel: simple-framebuffer simple-framebuffer.0: [drm] fb0: simpledrmdrmfb frame buffer device
jan 05 13:17:21 nixos kernel: drop_monitor: Initializing network drop monitor service
jan 05 13:17:21 nixos kernel: NET: Registered PF_INET6 protocol family
jan 05 13:17:21 nixos kernel: Segment Routing with IPv6
jan 05 13:17:21 nixos kernel: In-situ OAM (IOAM) with IPv6
jan 05 13:17:21 nixos kernel: microcode: Current revision: 0x0a500011
jan 05 13:17:21 nixos kernel: microcode: Updated early from: 0x0a50000f
jan 05 13:17:21 nixos kernel: resctrl: L3 allocation detected
jan 05 13:17:21 nixos kernel: resctrl: MB allocation detected
jan 05 13:17:21 nixos kernel: resctrl: L3 monitoring detected
jan 05 13:17:21 nixos kernel: IPI shorthand broadcast: enabled
jan 05 13:17:21 nixos kernel: registered taskstats version 1
jan 05 13:17:21 nixos kernel: Loading compiled-in X.509 certificates
jan 05 13:17:21 nixos kernel: Demotion targets for Node 0: null
jan 05 13:17:21 nixos kernel: Key type .fscrypt registered
jan 05 13:17:21 nixos kernel: Key type fscrypt-provisioning registered
jan 05 13:17:21 nixos kernel: PM:   Magic number: 9:335:278
jan 05 13:17:21 nixos kernel: tty tty15: hash matches
jan 05 13:17:21 nixos kernel: memory memory144: hash matches
jan 05 13:17:21 nixos kernel: RAS: Correctable Errors collector initialized.
jan 05 13:17:21 nixos kernel: Unstable clock detected, switching default tracing clock to "global"
                              If you want to keep using the local clock, then add:
                                "trace_clock=local"
                              on the kernel command line
jan 05 13:17:21 nixos kernel: clk: Disabling unused clocks
jan 05 13:17:21 nixos kernel: PM: genpd: Disabling unused power domains
jan 05 13:17:21 nixos kernel: Freeing unused decrypted memory: 2028K
jan 05 13:17:21 nixos kernel: Freeing unused kernel image (initmem) memory: 3248K
jan 05 13:17:21 nixos kernel: Write protecting the kernel read-only data: 30720k
jan 05 13:17:21 nixos kernel: Freeing unused kernel image (rodata/data gap) memory: 1860K
jan 05 13:17:21 nixos kernel: x86/mm: Checked W+X mappings: passed, no W+X pages found.
jan 05 13:17:21 nixos kernel: Run /init as init process
jan 05 13:17:21 nixos kernel:   with arguments:
jan 05 13:17:21 nixos kernel:     /init
jan 05 13:17:21 nixos kernel:   with environment:
jan 05 13:17:21 nixos kernel:     HOME=/
jan 05 13:17:21 nixos kernel:     TERM=linux
jan 05 13:17:21 nixos stage-1-init: [Sun Jan  5 12:17:19 UTC 2025] loading module btrfs...
jan 05 13:17:21 nixos kernel: raid6: avx2x4   gen() 42335 MB/s
jan 05 13:17:21 nixos kernel: raid6: avx2x2   gen() 42669 MB/s
jan 05 13:17:21 nixos kernel: raid6: avx2x1   gen() 30732 MB/s
jan 05 13:17:21 nixos kernel: raid6: using algorithm avx2x2 gen() 42669 MB/s
jan 05 13:17:21 nixos kernel: raid6: .... xor() 41474 MB/s, rmw enabled
jan 05 13:17:21 nixos kernel: raid6: using avx2x2 recovery algorithm
jan 05 13:17:21 nixos kernel: xor: automatically using best checksumming function   avx       
jan 05 13:17:21 nixos kernel: Btrfs loaded, zoned=yes, fsverity=no
jan 05 13:17:21 nixos stage-1-init: [Sun Jan  5 12:17:19 UTC 2025] loading module dm_mod...
jan 05 13:17:21 nixos kernel: device-mapper: ioctl: 4.48.0-ioctl (2023-03-01) initialised: dm-devel@lists.linux.dev
jan 05 13:17:21 nixos stage-1-init: [Sun Jan  5 12:17:19 UTC 2025] running udev...
jan 05 13:17:21 nixos stage-1-init: [Sun Jan  5 12:17:19 UTC 2025] Starting systemd-udevd version 256.8
jan 05 13:17:21 nixos kernel: i8042: PNP: PS/2 Controller [PNP0303:KBC0] at 0x60,0x64 irq 1
jan 05 13:17:21 nixos kernel: i8042: PNP: PS/2 appears to have AUX port disabled, if this is incorrect please boot with i8042.nopnp
jan 05 13:17:21 nixos kernel: serio: i8042 KBD port at 0x60,0x64 irq 1
jan 05 13:17:21 nixos kernel: SCSI subsystem initialized
jan 05 13:17:21 nixos kernel: nvme nvme1: pci function 0000:05:00.0
jan 05 13:17:21 nixos kernel: nvme nvme0: pci function 0000:02:00.0
jan 05 13:17:21 nixos kernel: xhci_hcd 0000:06:00.3: xHCI Host Controller
jan 05 13:17:21 nixos kernel: xhci_hcd 0000:06:00.3: new USB bus registered, assigned bus number 1
jan 05 13:17:21 nixos kernel: xhci_hcd 0000:06:00.3: hcc params 0x0268ffe5 hci version 0x110 quirks 0x0000020000000010
jan 05 13:17:21 nixos kernel: xhci_hcd 0000:06:00.3: xHCI Host Controller
jan 05 13:17:21 nixos kernel: xhci_hcd 0000:06:00.3: new USB bus registered, assigned bus number 2
jan 05 13:17:21 nixos kernel: xhci_hcd 0000:06:00.3: Host supports USB 3.1 Enhanced SuperSpeed
jan 05 13:17:21 nixos kernel: usb usb1: New USB device found, idVendor=1d6b, idProduct=0002, bcdDevice= 6.12
jan 05 13:17:21 nixos kernel: usb usb1: New USB device strings: Mfr=3, Product=2, SerialNumber=1
jan 05 13:17:21 nixos kernel: usb usb1: Product: xHCI Host Controller
jan 05 13:17:21 nixos kernel: usb usb1: Manufacturer: Linux 6.12.8 xhci-hcd
jan 05 13:17:21 nixos kernel: usb usb1: SerialNumber: 0000:06:00.3
jan 05 13:17:21 nixos kernel: hub 1-0:1.0: USB hub found
jan 05 13:17:21 nixos kernel: hub 1-0:1.0: 4 ports detected
jan 05 13:17:21 nixos kernel: usb usb2: We don't know the algorithms for LPM for this host, disabling LPM.
jan 05 13:17:21 nixos kernel: usb usb2: New USB device found, idVendor=1d6b, idProduct=0003, bcdDevice= 6.12
jan 05 13:17:21 nixos kernel: usb usb2: New USB device strings: Mfr=3, Product=2, SerialNumber=1
jan 05 13:17:21 nixos kernel: usb usb2: Product: xHCI Host Controller
jan 05 13:17:21 nixos kernel: usb usb2: Manufacturer: Linux 6.12.8 xhci-hcd
jan 05 13:17:21 nixos kernel: usb usb2: SerialNumber: 0000:06:00.3
jan 05 13:17:21 nixos kernel: hub 2-0:1.0: USB hub found
jan 05 13:17:21 nixos kernel: hub 2-0:1.0: 2 ports detected
jan 05 13:17:21 nixos kernel: xhci_hcd 0000:06:00.4: xHCI Host Controller
jan 05 13:17:21 nixos kernel: xhci_hcd 0000:06:00.4: new USB bus registered, assigned bus number 3
jan 05 13:17:21 nixos kernel: xhci_hcd 0000:06:00.4: hcc params 0x0268ffe5 hci version 0x110 quirks 0x0000020000000010
jan 05 13:17:21 nixos kernel: xhci_hcd 0000:06:00.4: xHCI Host Controller
jan 05 13:17:21 nixos kernel: xhci_hcd 0000:06:00.4: new USB bus registered, assigned bus number 4
jan 05 13:17:21 nixos kernel: xhci_hcd 0000:06:00.4: Host supports USB 3.1 Enhanced SuperSpeed
jan 05 13:17:21 nixos kernel: usb usb3: New USB device found, idVendor=1d6b, idProduct=0002, bcdDevice= 6.12
jan 05 13:17:21 nixos kernel: usb usb3: New USB device strings: Mfr=3, Product=2, SerialNumber=1
jan 05 13:17:21 nixos kernel: usb usb3: Product: xHCI Host Controller
jan 05 13:17:21 nixos kernel: usb usb3: Manufacturer: Linux 6.12.8 xhci-hcd
jan 05 13:17:21 nixos kernel: usb usb3: SerialNumber: 0000:06:00.4
jan 05 13:17:21 nixos kernel: hub 3-0:1.0: USB hub found
jan 05 13:17:21 nixos kernel: hub 3-0:1.0: 4 ports detected
jan 05 13:17:21 nixos kernel: usb usb4: We don't know the algorithms for LPM for this host, disabling LPM.
jan 05 13:17:21 nixos kernel: usb usb4: New USB device found, idVendor=1d6b, idProduct=0003, bcdDevice= 6.12
jan 05 13:17:21 nixos kernel: usb usb4: New USB device strings: Mfr=3, Product=2, SerialNumber=1
jan 05 13:17:21 nixos kernel: usb usb4: Product: xHCI Host Controller
jan 05 13:17:21 nixos kernel: usb usb4: Manufacturer: Linux 6.12.8 xhci-hcd
jan 05 13:17:21 nixos kernel: usb usb4: SerialNumber: 0000:06:00.4
jan 05 13:17:21 nixos kernel: hub 4-0:1.0: USB hub found
jan 05 13:17:21 nixos kernel: hub 4-0:1.0: 2 ports detected
jan 05 13:17:21 nixos kernel: nvme nvme0: missing or invalid SUBNQN field.
jan 05 13:17:21 nixos kernel: nvme nvme1: missing or invalid SUBNQN field.
jan 05 13:17:21 nixos kernel: nvme nvme1: D3 entry latency set to 8 seconds
jan 05 13:17:21 nixos kernel: nvme nvme0: D3 entry latency set to 8 seconds
jan 05 13:17:21 nixos kernel: nvme nvme0: 16/0/0 default/read/poll queues
jan 05 13:17:21 nixos kernel: nvme nvme1: 16/0/0 default/read/poll queues
jan 05 13:17:21 nixos kernel:  nvme1n1: p1
jan 05 13:17:21 nixos kernel:  nvme0n1: p1 p2 p3
jan 05 13:17:21 nixos kernel: input: AT Translated Set 2 keyboard as /devices/platform/i8042/serio0/input/input0
jan 05 13:17:21 nixos kernel: libata version 3.00 loaded.
jan 05 13:17:21 nixos kernel: ahci 0000:07:00.0: version 3.0
jan 05 13:17:21 nixos kernel: ahci 0000:07:00.0: AHCI vers 0001.0301, 32 command slots, 6 Gbps, SATA mode
jan 05 13:17:21 nixos kernel: ahci 0000:07:00.0: 1/1 ports implemented (port mask 0x1)
jan 05 13:17:21 nixos kernel: ahci 0000:07:00.0: flags: 64bit ncq sntf ilck pm led clo only pmp fbs pio slum part 
jan 05 13:17:21 nixos kernel: scsi host0: ahci
jan 05 13:17:21 nixos kernel: ata1: SATA max UDMA/133 abar m2048@0xd1101000 port 0xd1101100 irq 90 lpm-pol 3
jan 05 13:17:21 nixos kernel: ahci 0000:07:00.1: AHCI vers 0001.0301, 32 command slots, 6 Gbps, SATA mode
jan 05 13:17:21 nixos kernel: ahci 0000:07:00.1: 1/1 ports implemented (port mask 0x1)
jan 05 13:17:21 nixos kernel: ahci 0000:07:00.1: flags: 64bit ncq sntf ilck pm led clo only pmp fbs pio slum part 
jan 05 13:17:21 nixos kernel: scsi host1: ahci
jan 05 13:17:21 nixos kernel: ata2: SATA max UDMA/133 abar m2048@0xd1100000 port 0xd1100100 irq 92 lpm-pol 3
jan 05 13:17:21 nixos kernel: usb 3-1: new high-speed USB device number 2 using xhci_hcd
jan 05 13:17:21 nixos kernel: usb 1-1: new full-speed USB device number 2 using xhci_hcd
jan 05 13:17:21 nixos kernel: ata2: SATA link down (SStatus 0 SControl 300)
jan 05 13:17:21 nixos kernel: ata1: SATA link down (SStatus 0 SControl 300)
jan 05 13:17:21 nixos kernel: usb 3-1: New USB device found, idVendor=19f5, idProduct=fe70, bcdDevice= 2.04
jan 05 13:17:21 nixos kernel: usb 3-1: New USB device strings: Mfr=1, Product=2, SerialNumber=3
jan 05 13:17:21 nixos kernel: usb 3-1: Product: NuPhy Field75 HE
jan 05 13:17:21 nixos kernel: usb 3-1: Manufacturer: nuphy
jan 05 13:17:21 nixos kernel: usb 3-1: SerialNumber: 2023-11-15
jan 05 13:17:21 nixos stage-1-init: [Sun Jan  5 12:17:20 UTC 2025] starting device mapper and LVM...
jan 05 13:17:21 nixos stage-1-init: [Sun Jan  5 12:17:20 UTC 2025] File descriptor 8 (/dev/console) leaked on lvm invocation. Parent PID 1: /nix/store/ha0jml0g92rbjcw52v1sv51znwkzazhc-extra-utils/bin/ash
jan 05 13:17:21 nixos stage-1-init: [Sun Jan  5 12:17:20 UTC 2025] File descriptor 9 (/dev/console) leaked on lvm invocation. Parent PID 1: /nix/store/ha0jml0g92rbjcw52v1sv51znwkzazhc-extra-utils/bin/ash
jan 05 13:17:21 nixos kernel: hid: raw HID events driver (C) Jiri Kosina
jan 05 13:17:21 nixos kernel: usbcore: registered new interface driver usbhid
jan 05 13:17:21 nixos kernel: usbhid: USB HID core driver
jan 05 13:17:21 nixos kernel: input: nuphy NuPhy Field75 HE as /devices/pci0000:00/0000:00:08.1/0000:06:00.4/usb3/3-1/3-1:1.0/0003:19F5:FE70.0001/input/input1
jan 05 13:17:21 nixos kernel: usb 1-1: New USB device found, idVendor=0639, idProduct=7213, bcdDevice= 0.00
jan 05 13:17:21 nixos kernel: usb 1-1: New USB device strings: Mfr=1, Product=4, SerialNumber=2
jan 05 13:17:21 nixos kernel: usb 1-1: Product: Billboard
jan 05 13:17:21 nixos kernel: usb 1-1: Manufacturer: Chrontel
jan 05 13:17:21 nixos kernel: usb 1-1: SerialNumber: CH7213
jan 05 13:17:21 nixos kernel: hid-generic 0003:19F5:FE70.0001: input,hidraw0: USB HID v1.11 Keyboard [nuphy NuPhy Field75 HE] on usb-0000:06:00.4-1/input0
jan 05 13:17:21 nixos kernel: input: nuphy NuPhy Field75 HE as /devices/pci0000:00/0000:00:08.1/0000:06:00.4/usb3/3-1/3-1:1.1/0003:19F5:FE70.0002/input/input2
jan 05 13:17:21 nixos kernel: hid-generic 0003:19F5:FE70.0002: input,hidraw1: USB HID v1.10 Device [nuphy NuPhy Field75 HE] on usb-0000:06:00.4-1/input1
jan 05 13:17:21 nixos kernel: input: nuphy NuPhy Field75 HE Keyboard as /devices/pci0000:00/0000:00:08.1/0000:06:00.4/usb3/3-1/3-1:1.2/0003:19F5:FE70.0003/input/input3
jan 05 13:17:21 nixos stage-1-init: [Sun Jan  5 12:17:20 UTC 2025] Scanning for Btrfs filesystems
jan 05 13:17:21 nixos stage-1-init: [Sun Jan  5 12:17:20 UTC 2025] registered: /dev/nvme0n1p3
jan 05 13:17:21 nixos stage-1-init: [Sun Jan  5 12:17:20 UTC 2025] registered: /dev/nvme1n1p1
jan 05 13:17:21 nixos kernel: usb 4-2: new SuperSpeed USB device number 2 using xhci_hcd
jan 05 13:17:21 nixos kernel: usb 2-2: new SuperSpeed USB device number 2 using xhci_hcd
jan 05 13:17:21 nixos kernel: input: nuphy NuPhy Field75 HE Mouse as /devices/pci0000:00/0000:00:08.1/0000:06:00.4/usb3/3-1/3-1:1.2/0003:19F5:FE70.0003/input/input4
jan 05 13:17:21 nixos kernel: input: nuphy NuPhy Field75 HE Wireless Radio Control as /devices/pci0000:00/0000:00:08.1/0000:06:00.4/usb3/3-1/3-1:1.2/0003:19F5:FE70.0003/input/input5
jan 05 13:17:21 nixos kernel: hid-generic 0003:19F5:FE70.0003: input,hidraw2: USB HID v1.10 Keyboard [nuphy NuPhy Field75 HE] on usb-0000:06:00.4-1/input2
jan 05 13:17:21 nixos stage-1-init: [Sun Jan  5 12:17:20 UTC 2025] mounting /dev/disk/by-uuid/5720bd37-e549-49b6-981a-a3848c74f75c on /...
jan 05 13:17:21 nixos kernel: BTRFS: device fsid 5720bd37-e549-49b6-981a-a3848c74f75c devid 1 transid 27726 /dev/disk/by-uuid/5720bd37-e549-49b6-981a-a3848c74f75c (259:5) scanned by mount (281)
jan 05 13:17:21 nixos kernel: BTRFS info (device nvme0n1p3): first mount of filesystem 5720bd37-e549-49b6-981a-a3848c74f75c
jan 05 13:17:21 nixos kernel: BTRFS info (device nvme0n1p3): using crc32c (crc32c-intel) checksum algorithm
jan 05 13:17:21 nixos kernel: BTRFS info (device nvme0n1p3): using free-space-tree
jan 05 13:17:21 nixos kernel: usb 2-2: New USB device found, idVendor=05e3, idProduct=0620, bcdDevice=71.00
jan 05 13:17:21 nixos kernel: usb 2-2: New USB device strings: Mfr=1, Product=2, SerialNumber=0
jan 05 13:17:21 nixos kernel: usb 2-2: Product: USB3.2 Hub
jan 05 13:17:21 nixos kernel: usb 2-2: Manufacturer: GenesysLogic
jan 05 13:17:21 nixos kernel: usb 4-2: New USB device found, idVendor=2109, idProduct=0817, bcdDevice= 5.e4
jan 05 13:17:21 nixos kernel: usb 4-2: New USB device strings: Mfr=1, Product=2, SerialNumber=3
jan 05 13:17:21 nixos kernel: usb 4-2: Product: USB3.0 Hub             
jan 05 13:17:21 nixos kernel: usb 4-2: Manufacturer: VIA Labs, Inc.         
jan 05 13:17:21 nixos kernel: usb 4-2: SerialNumber: 000000000
jan 05 13:17:21 nixos kernel: hub 2-2:1.0: USB hub found
jan 05 13:17:21 nixos kernel: hub 2-2:1.0: 3 ports detected
jan 05 13:17:21 nixos kernel: hub 4-2:1.0: USB hub found
jan 05 13:17:21 nixos kernel: hub 4-2:1.0: 4 ports detected
jan 05 13:17:21 nixos kernel: usb 1-2: new high-speed USB device number 3 using xhci_hcd
jan 05 13:17:21 nixos kernel: usb 3-2: new high-speed USB device number 3 using xhci_hcd
jan 05 13:17:21 nixos kernel: usb 1-2: New USB device found, idVendor=05e3, idProduct=0610, bcdDevice=71.00
jan 05 13:17:21 nixos kernel: usb 1-2: New USB device strings: Mfr=1, Product=2, SerialNumber=0
jan 05 13:17:21 nixos kernel: usb 1-2: Product: USB2.1 Hub
jan 05 13:17:21 nixos kernel: usb 1-2: Manufacturer: GenesysLogic
jan 05 13:17:21 nixos kernel: usb 3-2: New USB device found, idVendor=2109, idProduct=2817, bcdDevice= 5.e4
jan 05 13:17:21 nixos kernel: usb 3-2: New USB device strings: Mfr=1, Product=2, SerialNumber=3
jan 05 13:17:21 nixos kernel: usb 3-2: Product: USB2.0 Hub             
jan 05 13:17:21 nixos kernel: usb 3-2: Manufacturer: VIA Labs, Inc.         
jan 05 13:17:21 nixos kernel: usb 3-2: SerialNumber: 000000000
jan 05 13:17:21 nixos kernel: hub 1-2:1.0: USB hub found
jan 05 13:17:21 nixos kernel: hub 1-2:1.0: 3 ports detected
jan 05 13:17:21 nixos unknown: booting system configuration /nix/store/1l9lblfrv7wrl09hqpdvy7qv4gcjn7wk-nixos-system-nixos-25.05.20250102.6df2492
jan 05 13:17:21 nixos stage-2-init: running activation script...
jan 05 13:17:21 nixos kernel: hub 3-2:1.0: USB hub found
jan 05 13:17:21 nixos kernel: hub 3-2:1.0: 5 ports detected
jan 05 13:17:21 nixos kernel: usb: port power management may be unreliable
jan 05 13:17:21 nixos stage-2-init: setting up /etc...
jan 05 13:17:21 nixos kernel: usb 1-3: new high-speed USB device number 4 using xhci_hcd
jan 05 13:17:21 nixos systemd[1]: Inserted module 'autofs4'
jan 05 13:17:21 nixos kernel: usb 1-3: New USB device found, idVendor=04f2, idProduct=b67d, bcdDevice= 4.07
jan 05 13:17:21 nixos kernel: usb 1-3: New USB device strings: Mfr=2, Product=1, SerialNumber=0
jan 05 13:17:21 nixos kernel: usb 1-3: Product: Integrated Camera
jan 05 13:17:21 nixos kernel: usb 1-3: Manufacturer: Sonix Technology Co., Ltd.
jan 05 13:17:21 nixos systemd[1]: systemd 256.8 running in system mode (+PAM +AUDIT -SELINUX +APPARMOR +IMA +SMACK +SECCOMP +GCRYPT -GNUTLS +OPENSSL +ACL +BLKID +CURL +ELFUTILS +FIDO2 +IDN2 -IDN +IPTC +KMOD +LIBCRYPTSETUP +LIBCRYPTSETUP_PLUGINS +LIBFDISK +PCRE2 +PWQUALITY +P11KIT +QRENCODE +TPM2 +BZIP2 +LZ4 +XZ +ZLIB +ZSTD +BPF_FRAMEWORK -XKBCOMMON +UTMP -SYSVINIT +LIBARCHIVE)
jan 05 13:17:21 nixos systemd[1]: Detected architecture x86-64.
jan 05 13:17:21 nixos systemd[1]: Hostname set to <nixos>.
jan 05 13:17:21 nixos kernel: usb 1-2.2: new full-speed USB device number 5 using xhci_hcd
jan 05 13:17:21 nixos systemd[1]: bpf-restrict-fs: LSM BPF program attached
jan 05 13:17:21 nixos systemd-ssh-generator[586]: Disabling SSH generator logic, since sshd is not installed.
jan 05 13:17:21 nixos kernel: usb 1-2.2: New USB device found, idVendor=0b05, idProduct=18e3, bcdDevice= 1.28
jan 05 13:17:21 nixos kernel: usb 1-2.2: New USB device strings: Mfr=1, Product=2, SerialNumber=3
jan 05 13:17:21 nixos kernel: usb 1-2.2: Product: ROG CHAKRAM
jan 05 13:17:21 nixos kernel: usb 1-2.2: Manufacturer: ASUSTeK
jan 05 13:17:21 nixos systemd[1]: /etc/systemd/system/cups.socket:5: ListenStream= references a path below legacy directory /var/run/, updating /var/run/cups/cups.sock  /run/cups/cups.sock; please update the unit file accordingly.
jan 05 13:17:21 nixos systemd[1]: Queued start job for default target Graphical Interface.
jan 05 13:17:21 nixos systemd[1]: Created slice Slice /system/getty.
jan 05 13:17:21 nixos systemd[1]: Created slice Slice /system/modprobe.
jan 05 13:17:21 nixos systemd[1]: Created slice Slice /system/systemd-fsck.
jan 05 13:17:21 nixos systemd[1]: Created slice User and Session Slice.
jan 05 13:17:21 nixos systemd[1]: Started Dispatch Password Requests to Console Directory Watch.
jan 05 13:17:21 nixos systemd[1]: Started Forward Password Requests to Wall Directory Watch.
jan 05 13:17:21 nixos systemd[1]: Expecting device /dev/disk/by-uuid/3CA6-BC21...
jan 05 13:17:21 nixos systemd[1]: Expecting device /dev/disk/by-uuid/596e8338-4711-4849-b592-c3f80b5154d1...
jan 05 13:17:21 nixos systemd[1]: Expecting device /dev/disk/by-uuid/a1ffe6d6-aaa6-4d38-a811-84b935d7fdcc...
jan 05 13:17:21 nixos systemd[1]: Expecting device /dev/tpmrm0...
jan 05 13:17:21 nixos systemd[1]: Reached target Local Encrypted Volumes.
jan 05 13:17:21 nixos systemd[1]: Reached target Containers.
jan 05 13:17:21 nixos systemd[1]: Reached target Path Units.
jan 05 13:17:21 nixos systemd[1]: Reached target Remote File Systems.
jan 05 13:17:21 nixos systemd[1]: Reached target Slice Units.
jan 05 13:17:21 nixos systemd[1]: Listening on Process Core Dump Socket.
jan 05 13:17:21 nixos systemd[1]: Listening on Credential Encryption/Decryption.
jan 05 13:17:21 nixos systemd[1]: Listening on Journal Socket (/dev/log).
jan 05 13:17:21 nixos systemd[1]: Listening on Journal Sockets.
jan 05 13:17:21 nixos systemd[1]: Listening on Userspace Out-Of-Memory (OOM) Killer Socket.
jan 05 13:17:21 nixos systemd[1]: Listening on udev Control Socket.
jan 05 13:17:21 nixos systemd[1]: Listening on udev Kernel Socket.
jan 05 13:17:21 nixos systemd[1]: Mounting Huge Pages File System...
jan 05 13:17:21 nixos systemd[1]: Mounting POSIX Message Queue File System...
jan 05 13:17:21 nixos systemd[1]: Mounting Kernel Debug File System...
jan 05 13:17:21 nixos systemd[1]: Starting Create List of Static Device Nodes...
jan 05 13:17:21 nixos systemd[1]: Starting Load Kernel Module configfs...
jan 05 13:17:21 nixos systemd[1]: Starting Load Kernel Module drm...
jan 05 13:17:21 nixos systemd[1]: Starting Load Kernel Module efi_pstore...
jan 05 13:17:21 nixos systemd[1]: Starting Load Kernel Module fuse...
jan 05 13:17:21 nixos systemd[1]: Starting mount-pstore.service...
jan 05 13:17:21 nixos systemd[1]: File System Check on Root Device was skipped because of an unmet condition check (ConditionPathIsReadWrite=!/).
jan 05 13:17:21 nixos systemd[1]: Clear Stale Hibernate Storage Info was skipped because of an unmet condition check (ConditionPathExists=/sys/firmware/efi/efivars/HibernateLocation-8cf2644b-4b0b-428f-9387-6d876050dc67).
jan 05 13:17:21 nixos kernel: pstore: Using crash dump compression: deflate
jan 05 13:17:21 nixos systemd[1]: Starting Journal Service...
jan 05 13:17:21 nixos systemd[1]: Starting Load Kernel Modules...
jan 05 13:17:21 nixos systemd[1]: Starting Remount Root and Kernel File Systems...
jan 05 13:17:21 nixos kernel: pstore: Registered efi_pstore as persistent store backend
jan 05 13:17:21 nixos systemd[1]: Starting Coldplug All udev Devices...
jan 05 13:17:21 nixos kernel: fuse: init (API version 7.41)
jan 05 13:17:21 nixos systemd[1]: Mounted Huge Pages File System.
jan 05 13:17:21 nixos systemd[1]: Mounted POSIX Message Queue File System.
jan 05 13:17:21 nixos systemd[1]: Mounted Kernel Debug File System.
jan 05 13:17:21 nixos systemd[1]: Finished Create List of Static Device Nodes.
jan 05 13:17:21 nixos systemd[1]: modprobe@configfs.service: Deactivated successfully.
jan 05 13:17:21 nixos systemd[1]: Finished Load Kernel Module configfs.
jan 05 13:17:21 nixos systemd-journald[602]: Collecting audit messages is disabled.
jan 05 13:17:21 nixos systemd[1]: modprobe@drm.service: Deactivated successfully.
jan 05 13:17:21 nixos systemd[1]: Finished Load Kernel Module drm.
jan 05 13:17:21 nixos systemd[1]: modprobe@efi_pstore.service: Deactivated successfully.
jan 05 13:17:21 nixos systemd[1]: Finished Load Kernel Module efi_pstore.
jan 05 13:17:21 nixos systemd[1]: modprobe@fuse.service: Deactivated successfully.
jan 05 13:17:21 nixos systemd[1]: Finished Load Kernel Module fuse.
jan 05 13:17:21 nixos systemd[1]: Mounting FUSE Control File System...
jan 05 13:17:21 nixos systemd[1]: Mounting Kernel Configuration File System...
jan 05 13:17:21 nixos systemd[1]: Starting Create Static Device Nodes in /dev gracefully...
jan 05 13:17:21 nixos systemd[1]: Mounted FUSE Control File System.
jan 05 13:17:21 nixos systemd[1]: Mounted Kernel Configuration File System.
jan 05 13:17:21 nixos kernel: usb 1-4: new full-speed USB device number 6 using xhci_hcd
jan 05 13:17:21 nixos systemd[1]: Finished mount-pstore.service.
jan 05 13:17:21 nixos systemd[1]: Finished Create Static Device Nodes in /dev gracefully.
jan 05 13:17:21 nixos systemd[1]: Starting Create Static Device Nodes in /dev...
jan 05 13:17:21 nixos systemd[1]: Finished Remount Root and Kernel File Systems.
jan 05 13:17:21 nixos systemd[1]: Platform Persistent Storage Archival was skipped because of an unmet condition check (ConditionDirectoryNotEmpty=/sys/fs/pstore).
jan 05 13:17:21 nixos systemd[1]: Starting Load/Save OS Random Seed...
jan 05 13:17:21 nixos systemd[1]: Finished Create Static Device Nodes in /dev.
jan 05 13:17:21 nixos systemd[1]: Reached target Preparation for Local File Systems.
jan 05 13:17:21 nixos systemd[1]: Starting Rule-based Manager for Device Events and Files...
jan 05 13:17:21 nixos systemd[1]: Finished Load/Save OS Random Seed.
jan 05 13:17:21 nixos systemd[1]: First Boot Complete was skipped because of an unmet condition check (ConditionFirstBoot=yes).
jan 05 13:17:21 nixos kernel: usb 3-4: new full-speed USB device number 4 using xhci_hcd
jan 05 13:17:21 nixos kernel: ccp 0000:06:00.2: enabling device (0000 -> 0002)
jan 05 13:17:21 nixos kernel: ccp 0000:06:00.2: ccp: unable to access the device: you might be running a broken BIOS.
jan 05 13:17:21 nixos kernel: ccp 0000:06:00.2: tee enabled
jan 05 13:17:21 nixos kernel: ccp 0000:06:00.2: psp enabled
jan 05 13:17:21 nixos kernel: kvm_amd: TSC scaling supported
jan 05 13:17:21 nixos kernel: kvm_amd: Nested Virtualization enabled
jan 05 13:17:21 nixos kernel: kvm_amd: Nested Paging enabled
jan 05 13:17:21 nixos kernel: kvm_amd: LBR virtualization supported
jan 05 13:17:21 nixos kernel: kvm_amd: Virtual VMLOAD VMSAVE supported
jan 05 13:17:21 nixos kernel: kvm_amd: Virtual GIF supported
jan 05 13:17:21 nixos systemd[1]: Started Rule-based Manager for Device Events and Files.
jan 05 13:17:21 nixos kernel: bridge: filtering via arp/ip/ip6tables is no longer available by default. Update your scripts to load br_netfilter if you need this.
jan 05 13:17:21 nixos kernel: tun: Universal TUN/TAP device driver, 1.6
jan 05 13:17:21 nixos kernel: loop: module loaded
jan 05 13:17:21 nixos kernel: hid-generic 0003:0B05:18E3.0004: hiddev96,hidraw3: USB HID v1.11 Device [ASUSTeK ROG CHAKRAM] on usb-0000:06:00.3-2.2/input0
jan 05 13:17:21 nixos kernel: input: ASUSTeK ROG CHAKRAM as /devices/pci0000:00/0000:00:08.1/0000:06:00.3/usb1/1-2/1-2.2/1-2.2:1.1/0003:0B05:18E3.0005/input/input6
jan 05 13:17:21 nixos kernel: hid-generic 0003:0B05:18E3.0005: input,hidraw4: USB HID v1.11 Mouse [ASUSTeK ROG CHAKRAM] on usb-0000:06:00.3-2.2/input1
jan 05 13:17:21 nixos systemd[1]: Finished Coldplug All udev Devices.
jan 05 13:17:21 nixos kernel: input: ASUSTeK ROG CHAKRAM Consumer Control as /devices/pci0000:00/0000:00:08.1/0000:06:00.3/usb1/1-2/1-2.2/1-2.2:1.2/0003:0B05:18E3.0006/input/input7
jan 05 13:17:21 nixos kernel: input: Power Button as /devices/LNXSYSTM:00/LNXSYBUS:00/PNP0C0C:00/input/input11
jan 05 13:17:21 nixos kernel: ACPI: AC: AC Adapter [ADP0] (on-line)
jan 05 13:17:21 nixos kernel: Serial bus multi instantiate pseudo device driver CLSA0100:00: Instantiated 2 I2C devices.
jan 05 13:17:21 nixos kernel: rtc_cmos 00:01: RTC can wake from S4
jan 05 13:17:21 nixos kernel: rtc_cmos 00:01: registered as rtc0
jan 05 13:17:21 nixos kernel: rtc_cmos 00:01: setting system clock to 2025-01-05T12:17:21 UTC (1736079441)
jan 05 13:17:21 nixos kernel: rtc_cmos 00:01: alarms up to one month, 114 bytes nvram
jan 05 13:17:21 nixos kernel: usb 1-4: New USB device found, idVendor=048d, idProduct=c968, bcdDevice=16.00
jan 05 13:17:21 nixos kernel: usb 1-4: New USB device strings: Mfr=1, Product=2, SerialNumber=0
jan 05 13:17:21 nixos kernel: usb 1-4: Product: ITE Device(8258)
jan 05 13:17:21 nixos kernel: usb 1-4: Manufacturer: ITE Tech. Inc.
jan 05 13:17:21 nixos systemd[1]: Found device SAMSUNG MZVLB1T0HBLR-000L2 2.
jan 05 13:17:21 nixos kernel: RAPL PMU: API unit is 2^-32 Joules, 1 fixed counters, 163840 ms ovfl timer
jan 05 13:17:21 nixos kernel: RAPL PMU: hw unit of domain package 2^-16 Joules
jan 05 13:17:21 nixos kernel: input: ITE Tech. Inc. ITE Device(8258) Keyboard as /devices/pci0000:00/0000:00:08.1/0000:06:00.3/usb1/1-4/1-4:1.0/0003:048D:C968.0007/input/input12
jan 05 13:17:21 nixos kernel: nvidia: loading out-of-tree module taints kernel.
jan 05 13:17:21 nixos kernel: nvidia: module license 'NVIDIA' taints kernel.
jan 05 13:17:21 nixos kernel: Disabling lock debugging due to kernel taint
jan 05 13:17:21 nixos kernel: nvidia: module license taints kernel.
jan 05 13:17:21 nixos systemd[1]: Found device SAMSUNG MZVLB1T0HBLR-000L2 1.
jan 05 13:17:21 nixos systemd[1]: Found device SAMSUNG MZVLB1T0HBLR-000L2 burenyuu.
jan 05 13:17:21 nixos systemd[1]: Activating swap /dev/disk/by-uuid/596e8338-4711-4849-b592-c3f80b5154d1...
jan 05 13:17:21 nixos systemd[1]: Starting File System Check on /dev/disk/by-uuid/3CA6-BC21...
jan 05 13:17:21 nixos kernel: usb 3-4: New USB device found, idVendor=8087, idProduct=0029, bcdDevice= 0.01
jan 05 13:17:21 nixos kernel: usb 3-4: New USB device strings: Mfr=0, Product=0, SerialNumber=0
jan 05 13:17:21 nixos kernel: input: ELAN06FA:00 04F3:317C Mouse as /devices/platform/AMDI0010:01/i2c-0/i2c-ELAN06FA:00/0018:04F3:317C.0008/input/input14
jan 05 13:17:21 nixos kernel: Adding 9227260k swap on /dev/nvme0n1p2.  Priority:-2 extents:1 across:9227260k SS
jan 05 13:17:21 nixos systemd[1]: Activated swap /dev/disk/by-uuid/596e8338-4711-4849-b592-c3f80b5154d1.
jan 05 13:17:21 nixos systemd[1]: Reached target Swaps.
jan 05 13:17:21 nixos systemd[1]: Finished File System Check on /dev/disk/by-uuid/3CA6-BC21.
jan 05 13:17:21 nixos kernel: ACPI: battery: Slot [BAT0] (battery present)
jan 05 13:17:21 nixos kernel: input: ASUSTeK ROG CHAKRAM System Control as /devices/pci0000:00/0000:00:08.1/0000:06:00.3/usb1/1-2/1-2.2/1-2.2:1.2/0003:0B05:18E3.0006/input/input8
jan 05 13:17:21 nixos kernel: ACPI: button: Power Button [PWRB]
jan 05 13:17:21 nixos kernel: input: Lid Switch as /devices/LNXSYSTM:00/LNXSYBUS:00/PNP0C0D:00/input/input17
jan 05 13:17:21 nixos kernel: input: ITE Tech. Inc. ITE Device(8258) Wireless Radio Control as /devices/pci0000:00/0000:00:08.1/0000:06:00.3/usb1/1-4/1-4:1.0/0003:048D:C968.0007/input/input13
jan 05 13:17:21 nixos kernel: ACPI: button: Lid Switch [LID0]
jan 05 13:17:21 nixos kernel: input: ELAN06FA:00 04F3:317C Touchpad as /devices/platform/AMDI0010:01/i2c-0/i2c-ELAN06FA:00/0018:04F3:317C.0008/input/input16
jan 05 13:17:21 nixos kernel: input: ASUSTeK ROG CHAKRAM Keyboard as /devices/pci0000:00/0000:00:08.1/0000:06:00.3/usb1/1-2/1-2.2/1-2.2:1.2/0003:0B05:18E3.0006/input/input10
jan 05 13:17:21 nixos kernel: hid-generic 0003:048D:C968.0007: input,hiddev97,hidraw5: USB HID v1.10 Keyboard [ITE Tech. Inc. ITE Device(8258)] on usb-0000:06:00.3-4/input0
jan 05 13:17:21 nixos kernel: input: Power Button as /devices/LNXSYSTM:00/LNXPWRBN:00/input/input18
jan 05 13:17:21 nixos kernel: hid-generic 0018:04F3:317C.0008: input,hidraw6: I2C HID v1.00 Mouse [ELAN06FA:00 04F3:317C] on i2c-ELAN06FA:00
jan 05 13:17:21 nixos kernel: ACPI: button: Power Button [PWRF]
jan 05 13:17:21 nixos kernel: hid-generic 0003:0B05:18E3.0006: input,hiddev98,hidraw7: USB HID v1.11 Keyboard [ASUSTeK ROG CHAKRAM] on usb-0000:06:00.3-2.2/input2
jan 05 13:17:21 nixos kernel: input: ASUSTeK ROG CHAKRAM as /devices/pci0000:00/0000:00:08.1/0000:06:00.3/usb1/1-2/1-2.2/1-2.2:1.3/0003:0B05:18E3.0009/input/input19
jan 05 13:17:21 nixos kernel: hid-generic 0003:0B05:18E3.0009: input,hidraw8: USB HID v1.11 Gamepad [ASUSTeK ROG CHAKRAM] on usb-0000:06:00.3-2.2/input3
jan 05 13:17:21 nixos systemd-journald[602]: Journal started
jan 05 13:17:21 nixos systemd-journald[602]: Runtime Journal (/run/log/journal/b7b98b0230d54804821cc5d82883aaf3) is 8M, max 798.7M, 790.7M free.
jan 05 13:17:21 nixos mtp-probe[682]: checking bus 3, device 2: "/sys/devices/pci0000:00/0000:00:08.1/0000:06:00.4/usb3/3-1"
jan 05 13:17:21 nixos systemd-udevd[619]: Using default interface naming scheme 'v255'.
jan 05 13:17:21 nixos systemd[1]: Started Journal Service.
jan 05 13:17:21 nixos mtp-probe[682]: bus: 3, device: 2 was not an MTP device
jan 05 13:17:21 nixos systemd-modules-load[603]: Inserted module 'kvm_amd'
jan 05 13:17:21 nixos systemd-modules-load[603]: Inserted module 'bridge'
jan 05 13:17:21 nixos systemd-modules-load[603]: Inserted module 'macvlan'
jan 05 13:17:21 nixos systemd-modules-load[603]: Inserted module 'tap'
jan 05 13:17:21 nixos systemd-modules-load[603]: Inserted module 'tun'
jan 05 13:17:21 nixos systemd-modules-load[603]: Inserted module 'loop'
jan 05 13:17:21 nixos systemd-modules-load[603]: Module 'ctr' is built in
jan 05 13:17:21 nixos systemd-fsck[681]: fsck.fat 4.2 (2021-01-31)
jan 05 13:17:21 nixos systemd-fsck[681]: /dev/nvme0n1p1: 42 files, 18502/130812 clusters
jan 05 13:17:21 nixos systemd[1]: Starting Flush Journal to Persistent Storage...
jan 05 13:17:21 nixos systemd-journald[602]: Time spent on flushing to /var/log/journal/b7b98b0230d54804821cc5d82883aaf3 is 12.628ms for 1081 entries.
jan 05 13:17:21 nixos systemd-journald[602]: System Journal (/var/log/journal/b7b98b0230d54804821cc5d82883aaf3) is 1.3G, max 4G, 2.6G free.
jan 05 13:17:21 nixos systemd-journald[602]: Received client request to flush runtime journal.
jan 05 13:17:21 nixos systemd[1]: Finished Flush Journal to Persistent Storage.
jan 05 13:17:21 nixos kernel: ACPI: video: [Firmware Bug]: ACPI(PEGP) defines _DOD but not _DOS
jan 05 13:17:21 nixos kernel: ACPI: video: Video Device [PEGP] (multi-head: yes  rom: no  post: no)
jan 05 13:17:21 nixos kernel: input: Video Bus as /devices/LNXSYSTM:00/LNXSYBUS:00/PNP0A08:00/device:00/LNXVIDEO:00/input/input20
jan 05 13:17:21 nixos kernel: ACPI: video: Video Device [VGA] (multi-head: yes  rom: no  post: no)
jan 05 13:17:21 nixos kernel: input: Video Bus as /devices/LNXSYSTM:00/LNXSYBUS:00/PNP0A08:00/device:14/LNXVIDEO:01/input/input21
jan 05 13:17:21 nixos kernel: usb 3-2.2: new full-speed USB device number 5 using xhci_hcd
jan 05 13:17:21 nixos kernel: cryptd: max_cpu_qlen set to 1000
jan 05 13:17:21 nixos kernel: piix4_smbus 0000:00:14.0: SMBus Host Controller at 0xb00, revision 0
jan 05 13:17:21 nixos kernel: piix4_smbus 0000:00:14.0: Using register 0x02 for SMBus port selection
jan 05 13:17:21 nixos kernel: nvidia-nvlink: Nvlink Core is being initialized, major device number 240
jan 05 13:17:21 nixos kernel: 
jan 05 13:17:21 nixos kernel: i2c i2c-2: Successfully instantiated SPD at 0x50
jan 05 13:17:21 nixos kernel: nvidia 0000:01:00.0: vgaarb: VGA decodes changed: olddecodes=io+mem,decodes=none:owns=none
jan 05 13:17:21 nixos kernel: piix4_smbus 0000:00:14.0: Auxiliary SMBus Host Controller at 0xb20
jan 05 13:17:21 nixos kernel: i2c i2c-4: Successfully instantiated SPD at 0x50
jan 05 13:17:21 nixos kernel: i2c i2c-4: Successfully instantiated SPD at 0x51
jan 05 13:17:21 nixos kernel: mc: Linux media interface: v0.10
jan 05 13:17:21 nixos kernel: sp5100_tco: SP5100/SB800 TCO WatchDog Timer Driver
jan 05 13:17:21 nixos kernel: sp5100-tco sp5100-tco: Using 0xfed80b00 for watchdog MMIO address
jan 05 13:17:21 nixos kernel: sp5100-tco sp5100-tco: initialized. heartbeat=60 sec (nowayout=0)
jan 05 13:17:21 nixos kernel: mousedev: PS/2 mouse device common for all mice
jan 05 13:17:21 nixos kernel: cfg80211: Loading compiled-in X.509 certificates for regulatory database
jan 05 13:17:21 nixos kernel: AES CTR mode by8 optimization enabled
jan 05 13:17:21 nixos kernel: Loaded X.509 cert 'sforshee: 00b28ddf47aef9cea7'
jan 05 13:17:21 nixos kernel: Loaded X.509 cert 'wens: 61c038651aabdcf94bd0ac7ff06c7248db18c600'
jan 05 13:17:21 nixos kernel: NVRM: loading NVIDIA UNIX x86_64 Kernel Module  550.142  Wed Dec 11 05:15:39 UTC 2024
jan 05 13:17:21 nixos mtp-probe[712]: checking bus 1, device 5: "/sys/devices/pci0000:00/0000:00:08.1/0000:06:00.3/usb1/1-2/1-2.2"
jan 05 13:17:21 nixos mtp-probe[712]: bus: 1, device: 5 was not an MTP device
jan 05 13:17:21 nixos mtp-probe[713]: checking bus 1, device 4: "/sys/devices/pci0000:00/0000:00:08.1/0000:06:00.3/usb1/1-3"
jan 05 13:17:21 nixos mtp-probe[713]: bus: 1, device: 4 was not an MTP device
jan 05 13:17:21 nixos mtp-probe[726]: checking bus 1, device 6: "/sys/devices/pci0000:00/0000:00:08.1/0000:06:00.3/usb1/1-4"
jan 05 13:17:21 nixos mtp-probe[726]: bus: 1, device: 6 was not an MTP device
jan 05 13:17:21 nixos systemd[1]: Listening on Load/Save RF Kill Switch Status /dev/rfkill Watch.
jan 05 13:17:21 nixos kernel: videodev: Linux video capture interface: v2.00
jan 05 13:17:21 nixos kernel: cs35l41-hda i2c-CLSA0100:00-cs35l41-hda.0: Using extra _DSD properties, bypassing _DSD in ACPI
jan 05 13:17:21 nixos kernel: tpm_crb MSFT0101:00: Disabling hwrng
